Archive member included to satisfy reference by file (symbol)

c:/ac6/systemworkbench/plugins/fr.ac6.mcu.externaltools.arm-none.win32_1.17.0.201812190825/tools/compiler/bin/../lib/gcc/arm-none-eabi/7.3.1/../../../../arm-none-eabi/lib/thumb/v7e-m/fpv4-sp/hard\libm.a(lib_a-w_pow.o)
                              Application/User/main.o (pow)
c:/ac6/systemworkbench/plugins/fr.ac6.mcu.externaltools.arm-none.win32_1.17.0.201812190825/tools/compiler/bin/../lib/gcc/arm-none-eabi/7.3.1/../../../../arm-none-eabi/lib/thumb/v7e-m/fpv4-sp/hard\libm.a(lib_a-e_pow.o)
                              c:/ac6/systemworkbench/plugins/fr.ac6.mcu.externaltools.arm-none.win32_1.17.0.201812190825/tools/compiler/bin/../lib/gcc/arm-none-eabi/7.3.1/../../../../arm-none-eabi/lib/thumb/v7e-m/fpv4-sp/hard\libm.a(lib_a-w_pow.o) (__ieee754_pow)
c:/ac6/systemworkbench/plugins/fr.ac6.mcu.externaltools.arm-none.win32_1.17.0.201812190825/tools/compiler/bin/../lib/gcc/arm-none-eabi/7.3.1/../../../../arm-none-eabi/lib/thumb/v7e-m/fpv4-sp/hard\libm.a(lib_a-e_sqrt.o)
                              c:/ac6/systemworkbench/plugins/fr.ac6.mcu.externaltools.arm-none.win32_1.17.0.201812190825/tools/compiler/bin/../lib/gcc/arm-none-eabi/7.3.1/../../../../arm-none-eabi/lib/thumb/v7e-m/fpv4-sp/hard\libm.a(lib_a-e_pow.o) (__ieee754_sqrt)
c:/ac6/systemworkbench/plugins/fr.ac6.mcu.externaltools.arm-none.win32_1.17.0.201812190825/tools/compiler/bin/../lib/gcc/arm-none-eabi/7.3.1/../../../../arm-none-eabi/lib/thumb/v7e-m/fpv4-sp/hard\libm.a(lib_a-s_fabs.o)
                              c:/ac6/systemworkbench/plugins/fr.ac6.mcu.externaltools.arm-none.win32_1.17.0.201812190825/tools/compiler/bin/../lib/gcc/arm-none-eabi/7.3.1/../../../../arm-none-eabi/lib/thumb/v7e-m/fpv4-sp/hard\libm.a(lib_a-e_pow.o) (fabs)
c:/ac6/systemworkbench/plugins/fr.ac6.mcu.externaltools.arm-none.win32_1.17.0.201812190825/tools/compiler/bin/../lib/gcc/arm-none-eabi/7.3.1/../../../../arm-none-eabi/lib/thumb/v7e-m/fpv4-sp/hard\libm.a(lib_a-s_finite.o)
                              c:/ac6/systemworkbench/plugins/fr.ac6.mcu.externaltools.arm-none.win32_1.17.0.201812190825/tools/compiler/bin/../lib/gcc/arm-none-eabi/7.3.1/../../../../arm-none-eabi/lib/thumb/v7e-m/fpv4-sp/hard\libm.a(lib_a-w_pow.o) (finite)
c:/ac6/systemworkbench/plugins/fr.ac6.mcu.externaltools.arm-none.win32_1.17.0.201812190825/tools/compiler/bin/../lib/gcc/arm-none-eabi/7.3.1/../../../../arm-none-eabi/lib/thumb/v7e-m/fpv4-sp/hard\libm.a(lib_a-s_lib_ver.o)
                              c:/ac6/systemworkbench/plugins/fr.ac6.mcu.externaltools.arm-none.win32_1.17.0.201812190825/tools/compiler/bin/../lib/gcc/arm-none-eabi/7.3.1/../../../../arm-none-eabi/lib/thumb/v7e-m/fpv4-sp/hard\libm.a(lib_a-w_pow.o) (__fdlib_version)
c:/ac6/systemworkbench/plugins/fr.ac6.mcu.externaltools.arm-none.win32_1.17.0.201812190825/tools/compiler/bin/../lib/gcc/arm-none-eabi/7.3.1/../../../../arm-none-eabi/lib/thumb/v7e-m/fpv4-sp/hard\libm.a(lib_a-s_matherr.o)
                              c:/ac6/systemworkbench/plugins/fr.ac6.mcu.externaltools.arm-none.win32_1.17.0.201812190825/tools/compiler/bin/../lib/gcc/arm-none-eabi/7.3.1/../../../../arm-none-eabi/lib/thumb/v7e-m/fpv4-sp/hard\libm.a(lib_a-w_pow.o) (matherr)
c:/ac6/systemworkbench/plugins/fr.ac6.mcu.externaltools.arm-none.win32_1.17.0.201812190825/tools/compiler/bin/../lib/gcc/arm-none-eabi/7.3.1/../../../../arm-none-eabi/lib/thumb/v7e-m/fpv4-sp/hard\libm.a(lib_a-s_nan.o)
                              c:/ac6/systemworkbench/plugins/fr.ac6.mcu.externaltools.arm-none.win32_1.17.0.201812190825/tools/compiler/bin/../lib/gcc/arm-none-eabi/7.3.1/../../../../arm-none-eabi/lib/thumb/v7e-m/fpv4-sp/hard\libm.a(lib_a-e_pow.o) (nan)
c:/ac6/systemworkbench/plugins/fr.ac6.mcu.externaltools.arm-none.win32_1.17.0.201812190825/tools/compiler/bin/../lib/gcc/arm-none-eabi/7.3.1/../../../../arm-none-eabi/lib/thumb/v7e-m/fpv4-sp/hard\libm.a(lib_a-s_rint.o)
                              c:/ac6/systemworkbench/plugins/fr.ac6.mcu.externaltools.arm-none.win32_1.17.0.201812190825/tools/compiler/bin/../lib/gcc/arm-none-eabi/7.3.1/../../../../arm-none-eabi/lib/thumb/v7e-m/fpv4-sp/hard\libm.a(lib_a-w_pow.o) (rint)
c:/ac6/systemworkbench/plugins/fr.ac6.mcu.externaltools.arm-none.win32_1.17.0.201812190825/tools/compiler/bin/../lib/gcc/arm-none-eabi/7.3.1/../../../../arm-none-eabi/lib/thumb/v7e-m/fpv4-sp/hard\libm.a(lib_a-s_scalbn.o)
                              c:/ac6/systemworkbench/plugins/fr.ac6.mcu.externaltools.arm-none.win32_1.17.0.201812190825/tools/compiler/bin/../lib/gcc/arm-none-eabi/7.3.1/../../../../arm-none-eabi/lib/thumb/v7e-m/fpv4-sp/hard\libm.a(lib_a-e_pow.o) (scalbn)
c:/ac6/systemworkbench/plugins/fr.ac6.mcu.externaltools.arm-none.win32_1.17.0.201812190825/tools/compiler/bin/../lib/gcc/arm-none-eabi/7.3.1/../../../../arm-none-eabi/lib/thumb/v7e-m/fpv4-sp/hard\libm.a(lib_a-s_copysign.o)
[...]
Memory Configuration

Name             Origin             Length             Attributes
RAM              0x20000000         0x0000a000         xrw
FLASH            0x08000000         0x00020000         xr
*default*        0x00000000         0xffffffff

Linker script and memory map

LOAD c:/ac6/systemworkbench/plugins/fr.ac6.mcu.externaltools.arm-none.win32_1.17.0.201812190825/tools/compiler/bin/../lib/gcc/arm-none-eabi/7.3.1/thumb/v7e-m/fpv4-sp/hard/crti.o
LOAD c:/ac6/systemworkbench/plugins/fr.ac6.mcu.externaltools.arm-none.win32_1.17.0.201812190825/tools/compiler/bin/../lib/gcc/arm-none-eabi/7.3.1/thumb/v7e-m/fpv4-sp/hard/crtbegin.o
LOAD c:/ac6/systemworkbench/plugins/fr.ac6.mcu.externaltools.arm-none.win32_1.17.0.201812190825/tools/compiler/bin/../lib/gcc/arm-none-eabi/7.3.1/../../../../arm-none-eabi/lib/thumb/v7e-m/fpv4-sp/hard/crt0.o
LOAD Application/SW4STM32/startup_stm32l412xx.o
LOAD Application/SW4STM32/syscalls.o
LOAD Application/User/adc.o
LOAD Application/User/dma.o
LOAD Application/User/fsm.o
LOAD Application/User/gpio.o
LOAD Application/User/i2c.o
LOAD Application/User/main.o
LOAD Application/User/ppg.o
LOAD Application/User/stm32l4xx_hal_msp.o
LOAD Application/User/stm32l4xx_it.o
LOAD Drivers/CMSIS/system_stm32l4xx.o
LOAD Drivers/STM32L4xx_HAL_Driver/stm32l4xx_hal.o
LOAD Drivers/STM32L4xx_HAL_Driver/stm32l4xx_hal_adc.o
LOAD Drivers/STM32L4xx_HAL_Driver/stm32l4xx_hal_adc_ex.o
LOAD Drivers/STM32L4xx_HAL_Driver/stm32l4xx_hal_cortex.o
LOAD Drivers/STM32L4xx_HAL_Driver/stm32l4xx_hal_dma.o
LOAD Drivers/STM32L4xx_HAL_Driver/stm32l4xx_hal_dma_ex.o
LOAD Drivers/STM32L4xx_HAL_Driver/stm32l4xx_hal_exti.o
LOAD Drivers/STM32L4xx_HAL_Driver/stm32l4xx_hal_flash.o
LOAD Drivers/STM32L4xx_HAL_Driver/stm32l4xx_hal_flash_ex.o
LOAD Drivers/STM32L4xx_HAL_Driver/stm32l4xx_hal_flash_ramfunc.o
LOAD Drivers/STM32L4xx_HAL_Driver/stm32l4xx_hal_gpio.o
LOAD Drivers/STM32L4xx_HAL_Driver/stm32l4xx_hal_i2c.o
LOAD Drivers/STM32L4xx_HAL_Driver/stm32l4xx_hal_i2c_ex.o
LOAD Drivers/STM32L4xx_HAL_Driver/stm32l4xx_hal_pwr.o
LOAD Drivers/STM32L4xx_HAL_Driver/stm32l4xx_hal_pwr_ex.o
LOAD Drivers/STM32L4xx_HAL_Driver/stm32l4xx_hal_rcc.o
LOAD Drivers/STM32L4xx_HAL_Driver/stm32l4xx_hal_rcc_ex.o
LOAD Drivers/STM32L4xx_HAL_Driver/stm32l4xx_hal_tim.o
LOAD Drivers/STM32L4xx_HAL_Driver/stm32l4xx_hal_tim_ex.o
LOAD c:/ac6/systemworkbench/plugins/fr.ac6.mcu.externaltools.arm-none.win32_1.17.0.201812190825/tools/compiler/bin/../lib/gcc/arm-none-eabi/7.3.1/../../../../arm-none-eabi/lib/thumb/v7e-m/fpv4-sp/hard\libm.a
START GROUP
LOAD c:/ac6/systemworkbench/plugins/fr.ac6.mcu.externaltools.arm-none.win32_1.17.0.201812190825/tools/compiler/bin/../lib/gcc/arm-none-eabi/7.3.1/thumb/v7e-m/fpv4-sp/hard\libgcc.a
LOAD c:/ac6/systemworkbench/plugins/fr.ac6.mcu.externaltools.arm-none.win32_1.17.0.201812190825/tools/compiler/bin/../lib/gcc/arm-none-eabi/7.3.1/../../../../arm-none-eabi/lib/thumb/v7e-m/fpv4-sp/hard\libc_nano.a
END GROUP
START GROUP
LOAD c:/ac6/systemworkbench/plugins/fr.ac6.mcu.externaltools.arm-none.win32_1.17.0.201812190825/tools/compiler/bin/../lib/gcc/arm-none-eabi/7.3.1/thumb/v7e-m/fpv4-sp/hard\libgcc.a
LOAD c:/ac6/systemworkbench/plugins/fr.ac6.mcu.externaltools.arm-none.win32_1.17.0.201812190825/tools/compiler/bin/../lib/gcc/arm-none-eabi/7.3.1/../../../../arm-none-eabi/lib/thumb/v7e-m/fpv4-sp/hard\libc_nano.a
LOAD c:/ac6/systemworkbench/plugins/fr.ac6.mcu.externaltools.arm-none.win32_1.17.0.201812190825/tools/compiler/bin/../lib/gcc/arm-none-eabi/7.3.1/../../../../arm-none-eabi/lib/thumb/v7e-m/fpv4-sp/hard\libnosys.a
END GROUP
START GROUP
LOAD c:/ac6/systemworkbench/plugins/fr.ac6.mcu.externaltools.arm-none.win32_1.17.0.201812190825/tools/compiler/bin/../lib/gcc/arm-none-eabi/7.3.1/thumb/v7e-m/fpv4-sp/hard\libgcc.a
LOAD c:/ac6/systemworkbench/plugins/fr.ac6.mcu.externaltools.arm-none.win32_1.17.0.201812190825/tools/compiler/bin/../lib/gcc/arm-none-eabi/7.3.1/../../../../arm-none-eabi/lib/thumb/v7e-m/fpv4-sp/hard\libc_nano.a
LOAD c:/ac6/systemworkbench/plugins/fr.ac6.mcu.externaltools.arm-none.win32_1.17.0.201812190825/tools/compiler/bin/../lib/gcc/arm-none-eabi/7.3.1/../../../../arm-none-eabi/lib/thumb/v7e-m/fpv4-sp/hard\libnosys.a
END GROUP
LOAD c:/ac6/systemworkbench/plugins/fr.ac6.mcu.externaltools.arm-none.win32_1.17.0.201812190825/tools/compiler/bin/../lib/gcc/arm-none-eabi/7.3.1/thumb/v7e-m/fpv4-sp/hard/crtend.o
LOAD c:/ac6/systemworkbench/plugins/fr.ac6.mcu.externaltools.arm-none.win32_1.17.0.201812190825/tools/compiler/bin/../lib/gcc/arm-none-eabi/7.3.1/thumb/v7e-m/fpv4-sp/hard/crtn.o
                0x2000a000                _estack = 0x2000a000
                0x00000200                _Min_Heap_Size = 0x200
                0x00000400                _Min_Stack_Size = 0x400

.isr_vector     0x08000000      0x190
                0x08000000                . = ALIGN (0x8)
 *(.isr_vector)
 .isr_vector    0x08000000      0x18c Application/SW4STM32/startup_stm32l412xx.o
                0x08000000                g_pfnVectors
                0x08000190                . = ALIGN (0x8)
 *fill*         0x0800018c        0x4 

.text           0x08000190     0x6230
                0x08000190                . = ALIGN (0x8)
 *(.text)
 .text          0x08000190       0x40 c:/ac6/systemworkbench/plugins/fr.ac6.mcu.externaltools.arm-none.win32_1.17.0.201812190825/tools/compiler/bin/../lib/gcc/arm-none-eabi/7.3.1/thumb/v7e-m/fpv4-sp/hard/crtbegin.o
 .text          0x080001d0      0x378 c:/ac6/systemworkbench/plugins/fr.ac6.mcu.externaltools.arm-none.win32_1.17.0.201812190825/tools/compiler/bin/../lib/gcc/arm-none-eabi/7.3.1/thumb/v7e-m/fpv4-sp/hard\libgcc.a(_arm_addsubdf3.o)
                0x080001d0                __aeabi_drsub
                0x080001d8                __aeabi_dsub
                0x080001d8                __subdf3
                0x080001dc                __aeabi_dadd
                0x080001dc                __adddf3
                0x08000454                __floatunsidf
                0x08000454                __aeabi_ui2d
                0x08000474                __floatsidf
                0x08000474                __aeabi_i2d
                0x08000498                __aeabi_f2d
                0x08000498                __extendsfdf2
                0x080004dc                __floatundidf
                0x080004dc                __aeabi_ul2d
                0x080004ec                __floatdidf
                0x080004ec                __aeabi_l2d
 .text          0x08000548      0x424 c:/ac6/systemworkbench/plugins/fr.ac6.mcu.externaltools.arm-none.win32_1.17.0.201812190825/tools/compiler/bin/../lib/gcc/arm-none-eabi/7.3.1/thumb/v7e-m/fpv4-sp/hard\libgcc.a(_arm_muldivdf3.o)
                0x08000548                __aeabi_dmul
                0x08000548                __muldf3
                0x0800079c                __divdf3
                0x0800079c                __aeabi_ddiv
 .text          0x0800096c      0x110 c:/ac6/systemworkbench/plugins/fr.ac6.mcu.externaltools.arm-none.win32_1.17.0.201812190825/tools/compiler/bin/../lib/gcc/arm-none-eabi/7.3.1/thumb/v7e-m/fpv4-sp/hard\libgcc.a(_arm_cmpdf2.o)
                0x0800096c                __gtdf2
                0x0800096c                __gedf2
                0x08000974                __ltdf2
                0x08000974                __ledf2
                0x0800097c                __nedf2
                0x0800097c                __eqdf2
                0x0800097c                __cmpdf2
                0x080009f8                __aeabi_cdrcmple
                0x08000a08                __aeabi_cdcmpeq
                0x08000a08                __aeabi_cdcmple
                0x08000a18                __aeabi_dcmpeq
                0x08000a2c                __aeabi_dcmplt
                0x08000a40                __aeabi_dcmple
                0x08000a54                __aeabi_dcmpge
                0x08000a68                __aeabi_dcmpgt
 .text          0x08000a7c       0x2c c:/ac6/systemworkbench/plugins/fr.ac6.mcu.externaltools.arm-none.win32_1.17.0.201812190825/tools/compiler/bin/../lib/gcc/arm-none-eabi/7.3.1/thumb/v7e-m/fpv4-sp/hard\libgcc.a(_arm_unorddf2.o)
                0x08000a7c                __unorddf2
                0x08000a7c                __aeabi_dcmpun
 .text          0x08000aa8       0xa0 c:/ac6/systemworkbench/plugins/fr.ac6.mcu.externaltools.arm-none.win32_1.17.0.201812190825/tools/compiler/bin/../lib/gcc/arm-none-eabi/7.3.1/thumb/v7e-m/fpv4-sp/hard\libgcc.a(_arm_truncdfsf2.o)
                0x08000aa8                __truncdfsf2
                0x08000aa8                __aeabi_d2f
 *(.text*)
 .text.Reset_Handler
                0x08000b48       0x50 Application/SW4STM32/startup_stm32l412xx.o
                0x08000b48                Reset_Handler
 .text.Default_Handler
                0x08000b98        0x2 Application/SW4STM32/startup_stm32l412xx.o
                0x08000b98                RTC_Alarm_IRQHandler
                0x08000b98                EXTI2_IRQHandler
                0x08000b98                TIM1_CC_IRQHandler
                0x08000b98                TSC_IRQHandler
                0x08000b98                TIM6_IRQHandler
                0x08000b98                TAMP_STAMP_IRQHandler
                0x08000b98                EXTI3_IRQHandler
                0x08000b98                LPTIM2_IRQHandler
                0x08000b98                I2C3_ER_IRQHandler
                0x08000b98                EXTI0_IRQHandler
                0x08000b98                I2C2_EV_IRQHandler
                0x08000b98                FPU_IRQHandler
                0x08000b98                TIM1_UP_TIM16_IRQHandler
                0x08000b98                SPI1_IRQHandler
                0x08000b98                DMA2_Channel2_IRQHandler
                0x08000b98                DMA1_Channel4_IRQHandler
                0x08000b98                USART3_IRQHandler
                0x08000b98                DMA1_Channel7_IRQHandler
                0x08000b98                DMA2_Channel1_IRQHandler
                0x08000b98                QUADSPI_IRQHandler
                0x08000b98                I2C1_EV_IRQHandler
                0x08000b98                DMA1_Channel6_IRQHandler
                0x08000b98                DMA2_Channel4_IRQHandler
                0x08000b98                RCC_IRQHandler
                0x08000b98                TIM1_TRG_COM_IRQHandler
                0x08000b98                Default_Handler
                0x08000b98                DMA2_Channel7_IRQHandler
                0x08000b98                EXTI15_10_IRQHandler
                0x08000b98                I2C3_EV_IRQHandler
                0x08000b98                USB_IRQHandler
                0x08000b98                EXTI9_5_IRQHandler
                0x08000b98                RTC_WKUP_IRQHandler
                0x08000b98                PVD_PVM_IRQHandler
                0x08000b98                SPI2_IRQHandler
                0x08000b98                DMA2_Channel5_IRQHandler
                0x08000b98                CRS_IRQHandler
                0x08000b98                DMA1_Channel5_IRQHandler
                0x08000b98                EXTI4_IRQHandler
                0x08000b98                RNG_IRQHandler
                0x08000b98                DMA1_Channel3_IRQHandler
                0x08000b98                COMP_IRQHandler
                0x08000b98                WWDG_IRQHandler
                0x08000b98                LPUART1_IRQHandler
                0x08000b98                DMA2_Channel6_IRQHandler
                0x08000b98                TIM2_IRQHandler
                0x08000b98                EXTI1_IRQHandler
                0x08000b98                USART2_IRQHandler
                0x08000b98                I2C2_ER_IRQHandler
                0x08000b98                DMA1_Channel2_IRQHandler
                0x08000b98                FLASH_IRQHandler
                0x08000b98                USART1_IRQHandler
                0x08000b98                I2C1_ER_IRQHandler
                0x08000b98                LPTIM1_IRQHandler
                0x08000b98                DMA2_Channel3_IRQHandler
                0x08000b98                TIM1_BRK_TIM15_IRQHandler
 *fill*         0x08000b9a        0x2 
 .text._sbrk    0x08000b9c       0x3c Application/SW4STM32/syscalls.o
                0x08000b9c                _sbrk
 .text.MX_ADC1_Init
                0x08000bd8       0xe0 Application/User/adc.o
                0x08000bd8                MX_ADC1_Init
 .text.HAL_ADC_MspInit
                0x08000cb8       0xb0 Application/User/adc.o
                0x08000cb8                HAL_ADC_MspInit
 .text.MX_DMA_Init
                0x08000d68       0x34 Application/User/dma.o
                0x08000d68                MX_DMA_Init
 .text.fsm_init
                0x08000d9c        0x8 Application/User/fsm.o
                0x08000d9c                fsm_init
 .text.fsm_new  0x08000da4       0x16 Application/User/fsm.o
                0x08000da4                fsm_new
 .text.fsm_fire
                0x08000dba       0x2e Application/User/fsm.o
                0x08000dba                fsm_fire
 .text.MX_GPIO_Init
                0x08000de8       0x98 Application/User/gpio.o
                0x08000de8                MX_GPIO_Init
 .text.MX_I2C1_Init
                0x08000e80       0x58 Application/User/i2c.o
                0x08000e80                MX_I2C1_Init
 .text.MX_I2C3_Init
                0x08000ed8       0x58 Application/User/i2c.o
                0x08000ed8                MX_I2C3_Init
 .text.HAL_I2C_MspInit
                0x08000f30       0xf0 Application/User/i2c.o
                0x08000f30                HAL_I2C_MspInit
 .text.tiempoNoIniciado
                0x08001020       0x14 Application/User/main.o
 .text.tiempoIniciado
                0x08001034       0x14 Application/User/main.o
 .text.siguienteEstado
                0x08001048        0x4 Application/User/main.o
 *fill*         0x0800104c        0x4 
 .text.calculoBateria
                0x08001050       0x84 Application/User/main.o
                0x08001050                calculoBateria
 .text.calculoPulsoInicio
                0x080010d4       0x60 Application/User/main.o
                0x080010d4                calculoPulsoInicio
 .text.calculoPulso
                0x08001134       0x8c Application/User/main.o
                0x08001134                calculoPulso
 .text.bateriaBaja
                0x080011c0       0x48 Application/User/main.o
 .text.presionAnomala
                0x08001208       0xb0 Application/User/main.o
 .text.temperaturaAnomala
                0x080012b8       0x74 Application/User/main.o
 .text.pulsoAnomalo
                0x0800132c       0x68 Application/User/main.o
 .text.estresAlto
                0x08001394       0x34 Application/User/main.o
 .text.alcoholAlto
                0x080013c8       0x2c Application/User/main.o
 .text.alarmaFin
                0x080013f4       0x12 Application/User/main.o
                0x080013f4                alarmaFin
 *fill*         0x08001406        0x2 
 .text.finTiempo
                0x08001408       0x1c Application/User/main.o
 .text.timpoNoAcabado
                0x08001424       0x1c Application/User/main.o
 .text.inicioTimerBateria
                0x08001440       0x18 Application/User/main.o
                0x08001440                inicioTimerBateria
 .text.inicioTimerPresion
                0x08001458       0x18 Application/User/main.o
                0x08001458                inicioTimerPresion
 .text.inicioTimerTemperatura
                0x08001470       0x18 Application/User/main.o
                0x08001470                inicioTimerTemperatura
 .text.inicioTimerEstres
                0x08001488       0x1c Application/User/main.o
                0x08001488                inicioTimerEstres
 .text.inicioTimerAlcohol
                0x080014a4       0x14 Application/User/main.o
                0x080014a4                inicioTimerAlcohol
 .text.finTiempoAlarma
                0x080014b8       0x1c Application/User/main.o
 .text.timpoNoAcabadoAlarma
                0x080014d4       0x1c Application/User/main.o
 .text.medirAlcohol
                0x080014f0       0x2c Application/User/main.o
                0x080014f0                medirAlcohol
 .text.calculoEstres
                0x0800151c       0x34 Application/User/main.o
                0x0800151c                calculoEstres
 .text.medirPulso
                0x08001550       0xb0 Application/User/main.o
                0x08001550                medirPulso
 .text.medirPresion
                0x08001600      0x1a4 Application/User/main.o
                0x08001600                medirPresion
 .text.calculoPresion
                0x080017a4      0x1bc Application/User/main.o
                0x080017a4                calculoPresion
 .text.aviso    0x08001960       0x10 Application/User/main.o
                0x08001960                aviso
 .text.avisoPulsaciones
                0x08001970       0x3c Application/User/main.o
                0x08001970                avisoPulsaciones
 *fill*         0x080019ac        0x4 
 .text.calculoAlcohol
                0x080019b0      0x2f0 Application/User/main.o
                0x080019b0                calculoAlcohol
 .text.calculoTemp
                0x08001ca0       0xe4 Application/User/main.o
                0x08001ca0                calculoTemp
 .text.SystemClock_Config
                0x08001d84       0x88 Application/User/main.o
                0x08001d84                SystemClock_Config
 .text.inicializarPPG
                0x08001e0c       0x30 Application/User/main.o
                0x08001e0c                inicializarPPG
 .text.fsm_new_medidas
                0x08001e3c       0x10 Application/User/main.o
                0x08001e3c                fsm_new_medidas
 .text.fsm_new_alarma
                0x08001e4c       0x10 Application/User/main.o
                0x08001e4c                fsm_new_alarma
 .text.main     0x08001e5c       0x9c Application/User/main.o
                0x08001e5c                main
 .text.Error_Handler
                0x08001ef8        0x2 Application/User/main.o
                0x08001ef8                Error_Handler
 .text.mul16    0x08001efa        0x6 Application/User/ppg.o
                0x08001efa                mul16
 .text.MAX30101_averageDCEstimator
                0x08001f00       0x12 Application/User/ppg.o
                0x08001f00                MAX30101_averageDCEstimator
 *fill*         0x08001f12        0x2 
 .text.MAX30101_lowPassFIRFilter
                0x08001f14       0x78 Application/User/ppg.o
                0x08001f14                MAX30101_lowPassFIRFilter
 *fill*         0x08001f8c        0x4 
 .text.MAX30101_checkForBP
                0x08001f90      0x334 Application/User/ppg.o
                0x08001f90                MAX30101_checkForBP
 .text.MAX30101_checkForBeat
                0x080022c4       0xc4 Application/User/ppg.o
                0x080022c4                MAX30101_checkForBeat
 .text.MAX30101_readRegister8
                0x08002388       0x38 Application/User/ppg.o
                0x08002388                MAX30101_readRegister8
 .text.MAX30101_writeRegister8
                0x080023c0       0x28 Application/User/ppg.o
                0x080023c0                MAX30101_writeRegister8
 .text.MAX30101_bitMask
                0x080023e8       0x20 Application/User/ppg.o
                0x080023e8                MAX30101_bitMask
 .text.MAX30101_softReset
                0x08002408       0x34 Application/User/ppg.o
                0x08002408                MAX30101_softReset
 .text.MAX30101_setFIFOAverage
                0x0800243c        0xe Application/User/ppg.o
                0x0800243c                MAX30101_setFIFOAverage
 .text.MAX30101_enableFIFORollover
                0x0800244a        0xe Application/User/ppg.o
                0x0800244a                MAX30101_enableFIFORollover
 .text.MAX30101_setLEDMode
                0x08002458        0xe Application/User/ppg.o
                0x08002458                MAX30101_setLEDMode
 .text.MAX30101_setADCRange
                0x08002466        0xe Application/User/ppg.o
                0x08002466                MAX30101_setADCRange
 .text.MAX30101_setSampleRate
                0x08002474        0xe Application/User/ppg.o
                0x08002474                MAX30101_setSampleRate
 .text.MAX30101_setPulseWidth
                0x08002482        0xe Application/User/ppg.o
                0x08002482                MAX30101_setPulseWidth
 .text.MAX30101_setPulseAmplitudeRed
                0x08002490        0xe Application/User/ppg.o
                0x08002490                MAX30101_setPulseAmplitudeRed
 .text.MAX30101_setPulseAmplitudeIR
                0x0800249e        0xe Application/User/ppg.o
                0x0800249e                MAX30101_setPulseAmplitudeIR
 .text.MAX30101_setPulseAmplitudeGreen
                0x080024ac        0xe Application/User/ppg.o
                0x080024ac                MAX30101_setPulseAmplitudeGreen
 .text.MAX30101_enableSlot
                0x080024ba       0x48 Application/User/ppg.o
                0x080024ba                MAX30101_enableSlot
 .text.MAX30101_clearFIFO
                0x08002502       0x22 Application/User/ppg.o
                0x08002502                MAX30101_clearFIFO
 .text.MAX30101_setupPPG
                0x08002524      0x1c0 Application/User/ppg.o
                0x08002524                MAX30101_setupPPG
 .text.MAX30101_getReadPointer
                0x080026e4       0x10 Application/User/ppg.o
                0x080026e4                MAX30101_getReadPointer
 .text.MAX30101_getWritePointer
                0x080026f4       0x10 Application/User/ppg.o
                0x080026f4                MAX30101_getWritePointer
 .text.MAX30101_check
                0x08002704      0x158 Application/User/ppg.o
                0x08002704                MAX30101_check
 .text.MAX30101_safeCheck
                0x0800285c       0x2a Application/User/ppg.o
                0x0800285c                MAX30101_safeCheck
 *fill*         0x08002886        0x2 
 .text.MAX30101_getIR
                0x08002888       0x20 Application/User/ppg.o
                0x08002888                MAX30101_getIR
 .text.MAX30101_enableDIETEMPRDY
                0x080028a8        0xe Application/User/ppg.o
                0x080028a8                MAX30101_enableDIETEMPRDY
 *fill*         0x080028b6        0x2 
 .text.HAL_MspInit
                0x080028b8       0x30 Application/User/stm32l4xx_hal_msp.o
                0x080028b8                HAL_MspInit
 .text.NMI_Handler
                0x080028e8        0x2 Application/User/stm32l4xx_it.o
                0x080028e8                NMI_Handler
 .text.HardFault_Handler
                0x080028ea        0x2 Application/User/stm32l4xx_it.o
                0x080028ea                HardFault_Handler
 .text.MemManage_Handler
                0x080028ec        0x2 Application/User/stm32l4xx_it.o
                0x080028ec                MemManage_Handler
 .text.BusFault_Handler
                0x080028ee        0x2 Application/User/stm32l4xx_it.o
                0x080028ee                BusFault_Handler
 .text.UsageFault_Handler
                0x080028f0        0x2 Application/User/stm32l4xx_it.o
                0x080028f0                UsageFault_Handler
 .text.SVC_Handler
                0x080028f2        0x2 Application/User/stm32l4xx_it.o
                0x080028f2                SVC_Handler
 .text.DebugMon_Handler
                0x080028f4        0x2 Application/User/stm32l4xx_it.o
                0x080028f4                DebugMon_Handler
 .text.PendSV_Handler
                0x080028f6        0x2 Application/User/stm32l4xx_it.o
                0x080028f6                PendSV_Handler
 .text.SysTick_Handler
                0x080028f8        0x8 Application/User/stm32l4xx_it.o
                0x080028f8                SysTick_Handler
 .text.DMA1_Channel1_IRQHandler
                0x08002900       0x10 Application/User/stm32l4xx_it.o
                0x08002900                DMA1_Channel1_IRQHandler
 .text.ADC1_2_IRQHandler
                0x08002910       0x10 Application/User/stm32l4xx_it.o
                0x08002910                ADC1_2_IRQHandler
 .text.SystemInit
                0x08002920       0x48 Drivers/CMSIS/system_stm32l4xx.o
                0x08002920                SystemInit
 .text.HAL_InitTick
                0x08002968       0x4c Drivers/STM32L4xx_HAL_Driver/stm32l4xx_hal.o
                0x08002968                HAL_InitTick
 .text.HAL_Init
                0x080029b4       0x1e Drivers/STM32L4xx_HAL_Driver/stm32l4xx_hal.o
                0x080029b4                HAL_Init
 *fill*         0x080029d2        0x2 
 .text.HAL_IncTick
                0x080029d4       0x18 Drivers/STM32L4xx_HAL_Driver/stm32l4xx_hal.o
                0x080029d4                HAL_IncTick
 .text.HAL_GetTick
                0x080029ec        0xc Drivers/STM32L4xx_HAL_Driver/stm32l4xx_hal.o
                0x080029ec                HAL_GetTick
 .text.HAL_Delay
                0x080029f8       0x28 Drivers/STM32L4xx_HAL_Driver/stm32l4xx_hal.o
                0x080029f8                HAL_Delay
 .text.HAL_ADC_Init
                0x08002a20      0x204 Drivers/STM32L4xx_HAL_Driver/stm32l4xx_hal_adc.o
                0x08002a20                HAL_ADC_Init
 .text.HAL_ADC_ConvCpltCallback
                0x08002c24        0x2 Drivers/STM32L4xx_HAL_Driver/stm32l4xx_hal_adc.o
                0x08002c24                HAL_ADC_ConvCpltCallback
 .text.HAL_ADC_ConvHalfCpltCallback
                0x08002c26        0x2 Drivers/STM32L4xx_HAL_Driver/stm32l4xx_hal_adc.o
                0x08002c26                HAL_ADC_ConvHalfCpltCallback
 .text.ADC_DMAHalfConvCplt
                0x08002c28        0xa Drivers/STM32L4xx_HAL_Driver/stm32l4xx_hal_adc.o
                0x08002c28                ADC_DMAHalfConvCplt
 .text.HAL_ADC_LevelOutOfWindowCallback
                0x08002c32        0x2 Drivers/STM32L4xx_HAL_Driver/stm32l4xx_hal_adc.o
                0x08002c32                HAL_ADC_LevelOutOfWindowCallback
 .text.HAL_ADC_ErrorCallback
                0x08002c34        0x2 Drivers/STM32L4xx_HAL_Driver/stm32l4xx_hal_adc.o
                0x08002c34                HAL_ADC_ErrorCallback
 *fill*         0x08002c36        0x2 
 .text.HAL_ADC_IRQHandler
                0x08002c38      0x294 Drivers/STM32L4xx_HAL_Driver/stm32l4xx_hal_adc.o
                0x08002c38                HAL_ADC_IRQHandler
 .text.ADC_DMAConvCplt
                0x08002ecc       0x88 Drivers/STM32L4xx_HAL_Driver/stm32l4xx_hal_adc.o
                0x08002ecc                ADC_DMAConvCplt
 .text.ADC_DMAError
                0x08002f54       0x1a Drivers/STM32L4xx_HAL_Driver/stm32l4xx_hal_adc.o
                0x08002f54                ADC_DMAError
 *fill*         0x08002f6e        0x2 
 .text.HAL_ADC_ConfigChannel
                0x08002f70      0x480 Drivers/STM32L4xx_HAL_Driver/stm32l4xx_hal_adc.o
                0x08002f70                HAL_ADC_ConfigChannel
 .text.ADC_Enable
                0x080033f0       0x90 Drivers/STM32L4xx_HAL_Driver/stm32l4xx_hal_adc.o
                0x080033f0                ADC_Enable
 .text.HAL_ADC_Start_DMA
                0x08003480      0x108 Drivers/STM32L4xx_HAL_Driver/stm32l4xx_hal_adc.o
                0x08003480                HAL_ADC_Start_DMA
 .text.HAL_ADCEx_InjectedConvCpltCallback
                0x08003588        0x2 Drivers/STM32L4xx_HAL_Driver/stm32l4xx_hal_adc_ex.o
                0x08003588                HAL_ADCEx_InjectedConvCpltCallback
 .text.HAL_ADCEx_InjectedQueueOverflowCallback
                0x0800358a        0x2 Drivers/STM32L4xx_HAL_Driver/stm32l4xx_hal_adc_ex.o
                0x0800358a                HAL_ADCEx_InjectedQueueOverflowCallback
 .text.HAL_ADCEx_LevelOutOfWindow2Callback
                0x0800358c        0x2 Drivers/STM32L4xx_HAL_Driver/stm32l4xx_hal_adc_ex.o
                0x0800358c                HAL_ADCEx_LevelOutOfWindow2Callback
 .text.HAL_ADCEx_LevelOutOfWindow3Callback
                0x0800358e        0x2 Drivers/STM32L4xx_HAL_Driver/stm32l4xx_hal_adc_ex.o
                0x0800358e                HAL_ADCEx_LevelOutOfWindow3Callback
 .text.HAL_ADCEx_EndOfSamplingCallback
                0x08003590        0x2 Drivers/STM32L4xx_HAL_Driver/stm32l4xx_hal_adc_ex.o
                0x08003590                HAL_ADCEx_EndOfSamplingCallback
 *fill*         0x08003592        0x2 
 .text.HAL_ADCEx_MultiModeConfigChannel
                0x08003594      0x120 Drivers/STM32L4xx_HAL_Driver/stm32l4xx_hal_adc_ex.o
                0x08003594                HAL_ADCEx_MultiModeConfigChannel
 .text.HAL_NVIC_SetPriorityGrouping
                0x080036b4       0x24 Drivers/STM32L4xx_HAL_Driver/stm32l4xx_hal_cortex.o
                0x080036b4                HAL_NVIC_SetPriorityGrouping
 .text.HAL_NVIC_SetPriority
                0x080036d8       0x68 Drivers/STM32L4xx_HAL_Driver/stm32l4xx_hal_cortex.o
                0x080036d8                HAL_NVIC_SetPriority
 .text.HAL_NVIC_EnableIRQ
                0x08003740       0x1c Drivers/STM32L4xx_HAL_Driver/stm32l4xx_hal_cortex.o
                0x08003740                HAL_NVIC_EnableIRQ
 .text.HAL_SYSTICK_Config
                0x0800375c       0x2c Drivers/STM32L4xx_HAL_Driver/stm32l4xx_hal_cortex.o
                0x0800375c                HAL_SYSTICK_Config
 .text.DMA_SetConfig
                0x08003788       0x30 Drivers/STM32L4xx_HAL_Driver/stm32l4xx_hal_dma.o
 .text.HAL_DMA_Init
                0x080037b8       0xf8 Drivers/STM32L4xx_HAL_Driver/stm32l4xx_hal_dma.o
                0x080037b8                HAL_DMA_Init
 .text.HAL_DMA_Start_IT
                0x080038b0       0x76 Drivers/STM32L4xx_HAL_Driver/stm32l4xx_hal_dma.o
                0x080038b0                HAL_DMA_Start_IT
 .text.HAL_DMA_IRQHandler
                0x08003926       0xc4 Drivers/STM32L4xx_HAL_Driver/stm32l4xx_hal_dma.o
                0x08003926                HAL_DMA_IRQHandler
 *fill*         0x080039ea        0x2 
 .text.HAL_GPIO_Init
                0x080039ec      0x188 Drivers/STM32L4xx_HAL_Driver/stm32l4xx_hal_gpio.o
                0x080039ec                HAL_GPIO_Init
 .text.HAL_GPIO_WritePin
                0x08003b74        0xa Drivers/STM32L4xx_HAL_Driver/stm32l4xx_hal_gpio.o
                0x08003b74                HAL_GPIO_WritePin
 .text.HAL_GPIO_TogglePin
                0x08003b7e        0xe Drivers/STM32L4xx_HAL_Driver/stm32l4xx_hal_gpio.o
                0x08003b7e                HAL_GPIO_TogglePin
 .text.I2C_Flush_TXDR
                0x08003b8c       0x22 Drivers/STM32L4xx_HAL_Driver/stm32l4xx_hal_i2c.o
 .text.I2C_TransferConfig
                0x08003bae       0x36 Drivers/STM32L4xx_HAL_Driver/stm32l4xx_hal_i2c.o
 .text.I2C_IsAcknowledgeFailed
                0x08003be4       0x90 Drivers/STM32L4xx_HAL_Driver/stm32l4xx_hal_i2c.o
 .text.I2C_WaitOnTXISFlagUntilTimeout
                0x08003c74       0x56 Drivers/STM32L4xx_HAL_Driver/stm32l4xx_hal_i2c.o
 .text.I2C_WaitOnFlagUntilTimeout
                0x08003cca       0x52 Drivers/STM32L4xx_HAL_Driver/stm32l4xx_hal_i2c.o
 .text.I2C_WaitOnSTOPFlagUntilTimeout
                0x08003d1c       0x50 Drivers/STM32L4xx_HAL_Driver/stm32l4xx_hal_i2c.o
 .text.I2C_WaitOnRXNEFlagUntilTimeout
                0x08003d6c       0x98 Drivers/STM32L4xx_HAL_Driver/stm32l4xx_hal_i2c.o
 .text.HAL_I2C_Init
                0x08003e04       0xbc Drivers/STM32L4xx_HAL_Driver/stm32l4xx_hal_i2c.o
                0x08003e04                HAL_I2C_Init
 .text.HAL_I2C_Master_Transmit
                0x08003ec0      0x17c Drivers/STM32L4xx_HAL_Driver/stm32l4xx_hal_i2c.o
                0x08003ec0                HAL_I2C_Master_Transmit
 .text.HAL_I2C_Master_Receive
                0x0800403c      0x17c Drivers/STM32L4xx_HAL_Driver/stm32l4xx_hal_i2c.o
                0x0800403c                HAL_I2C_Master_Receive
 .text.HAL_I2C_IsDeviceReady
                0x080041b8      0x170 Drivers/STM32L4xx_HAL_Driver/stm32l4xx_hal_i2c.o
                0x080041b8                HAL_I2C_IsDeviceReady
 .text.HAL_I2CEx_ConfigAnalogFilter
                0x08004328       0x5c Drivers/STM32L4xx_HAL_Driver/stm32l4xx_hal_i2c_ex.o
                0x08004328                HAL_I2CEx_ConfigAnalogFilter
 .text.HAL_I2CEx_ConfigDigitalFilter
                0x08004384       0x58 Drivers/STM32L4xx_HAL_Driver/stm32l4xx_hal_i2c_ex.o
                0x08004384                HAL_I2CEx_ConfigDigitalFilter
 .text.HAL_PWR_EnableBkUpAccess
                0x080043dc       0x10 Drivers/STM32L4xx_HAL_Driver/stm32l4xx_hal_pwr.o
                0x080043dc                HAL_PWR_EnableBkUpAccess
 .text.HAL_PWREx_GetVoltageRange
                0x080043ec       0x10 Drivers/STM32L4xx_HAL_Driver/stm32l4xx_hal_pwr_ex.o
                0x080043ec                HAL_PWREx_GetVoltageRange
 .text.HAL_PWREx_ControlVoltageScaling
                0x080043fc       0x90 Drivers/STM32L4xx_HAL_Driver/stm32l4xx_hal_pwr_ex.o
                0x080043fc                HAL_PWREx_ControlVoltageScaling
 .text.RCC_SetFlashLatencyFromMSIRange
                0x0800448c       0x90 Drivers/STM32L4xx_HAL_Driver/stm32l4xx_hal_rcc.o
 .text.HAL_RCC_GetSysClockFreq
                0x0800451c       0xb4 Drivers/STM32L4xx_HAL_Driver/stm32l4xx_hal_rcc.o
                0x0800451c                HAL_RCC_GetSysClockFreq
 .text.HAL_RCC_OscConfig
                0x080045d0      0x6e8 Drivers/STM32L4xx_HAL_Driver/stm32l4xx_hal_rcc.o
                0x080045d0                HAL_RCC_OscConfig
 .text.HAL_RCC_ClockConfig
                0x08004cb8      0x158 Drivers/STM32L4xx_HAL_Driver/stm32l4xx_hal_rcc.o
                0x08004cb8                HAL_RCC_ClockConfig
 .text.HAL_RCCEx_PeriphCLKConfig
                0x08004e10      0x234 Drivers/STM32L4xx_HAL_Driver/stm32l4xx_hal_rcc_ex.o
                0x08004e10                HAL_RCCEx_PeriphCLKConfig
 .text.HAL_RCCEx_EnableMSIPLLMode
                0x08005044       0x10 Drivers/STM32L4xx_HAL_Driver/stm32l4xx_hal_rcc_ex.o
                0x08005044                HAL_RCCEx_EnableMSIPLLMode
 *fill*         0x08005054        0x4 
 .text.pow      0x08005058      0x338 c:/ac6/systemworkbench/plugins/fr.ac6.mcu.externaltools.arm-none.win32_1.17.0.201812190825/tools/compiler/bin/../lib/gcc/arm-none-eabi/7.3.1/../../../../arm-none-eabi/lib/thumb/v7e-m/fpv4-sp/hard\libm.a(lib_a-w_pow.o)
                0x08005058                pow
 .text.__ieee754_pow
                0x08005390      0xab8 c:/ac6/systemworkbench/plugins/fr.ac6.mcu.externaltools.arm-none.win32_1.17.0.201812190825/tools/compiler/bin/../lib/gcc/arm-none-eabi/7.3.1/../../../../arm-none-eabi/lib/thumb/v7e-m/fpv4-sp/hard\libm.a(lib_a-e_pow.o)
                0x08005390                __ieee754_pow
 .text.__ieee754_sqrt
                0x08005e48      0x194 c:/ac6/systemworkbench/plugins/fr.ac6.mcu.externaltools.arm-none.win32_1.17.0.201812190825/tools/compiler/bin/../lib/gcc/arm-none-eabi/7.3.1/../../../../arm-none-eabi/lib/thumb/v7e-m/fpv4-sp/hard\libm.a(lib_a-e_sqrt.o)
                0x08005e48                __ieee754_sqrt
 .text.fabs     0x08005fdc       0x14 c:/ac6/systemworkbench/plugins/fr.ac6.mcu.externaltools.arm-none.win32_1.17.0.201812190825/tools/compiler/bin/../lib/gcc/arm-none-eabi/7.3.1/../../../../arm-none-eabi/lib/thumb/v7e-m/fpv4-sp/hard\libm.a(lib_a-s_fabs.o)
                0x08005fdc                fabs
 .text.finite   0x08005ff0       0x10 c:/ac6/systemworkbench/plugins/fr.ac6.mcu.externaltools.arm-none.win32_1.17.0.201812190825/tools/compiler/bin/../lib/gcc/arm-none-eabi/7.3.1/../../../../arm-none-eabi/lib/thumb/v7e-m/fpv4-sp/hard\libm.a(lib_a-s_finite.o)
                0x08005ff0                finite
 .text.matherr  0x08006000        0x4 c:/ac6/systemworkbench/plugins/fr.ac6.mcu.externaltools.arm-none.win32_1.17.0.201812190825/tools/compiler/bin/../lib/gcc/arm-none-eabi/7.3.1/../../../../arm-none-eabi/lib/thumb/v7e-m/fpv4-sp/hard\libm.a(lib_a-s_matherr.o)
                0x08006000                matherr
 *fill*         0x08006004        0x4 
 .text.nan      0x08006008       0x10 c:/ac6/systemworkbench/plugins/fr.ac6.mcu.externaltools.arm-none.win32_1.17.0.201812190825/tools/compiler/bin/../lib/gcc/arm-none-eabi/7.3.1/../../../../arm-none-eabi/lib/thumb/v7e-m/fpv4-sp/hard\libm.a(lib_a-s_nan.o)
                0x08006008                nan
 .text.rint     0x08006018      0x110 c:/ac6/systemworkbench/plugins/fr.ac6.mcu.externaltools.arm-none.win32_1.17.0.201812190825/tools/compiler/bin/../lib/gcc/arm-none-eabi/7.3.1/../../../../arm-none-eabi/lib/thumb/v7e-m/fpv4-sp/hard\libm.a(lib_a-s_rint.o)
                0x08006018                rint
 .text.scalbn   0x08006128      0x114 c:/ac6/systemworkbench/plugins/fr.ac6.mcu.externaltools.arm-none.win32_1.17.0.201812190825/tools/compiler/bin/../lib/gcc/arm-none-eabi/7.3.1/../../../../arm-none-eabi/lib/thumb/v7e-m/fpv4-sp/hard\libm.a(lib_a-s_scalbn.o)
                0x08006128                scalbn
 .text.copysign
                0x0800623c       0x1c c:/ac6/systemworkbench/plugins/fr.ac6.mcu.externaltools.arm-none.win32_1.17.0.201812190825/tools/compiler/bin/../lib/gcc/arm-none-eabi/7.3.1/../../../../arm-none-eabi/lib/thumb/v7e-m/fpv4-sp/hard\libm.a(lib_a-s_copysign.o)
                0x0800623c                copysign
 .text.__errno  0x08006258        0xc c:/ac6/systemworkbench/plugins/fr.ac6.mcu.externaltools.arm-none.win32_1.17.0.201812190825/tools/compiler/bin/../lib/gcc/arm-none-eabi/7.3.1/../../../../arm-none-eabi/lib/thumb/v7e-m/fpv4-sp/hard\libc_nano.a(lib_a-errno.o)
                0x08006258                __errno
 .text.__libc_init_array
                0x08006264       0x48 c:/ac6/systemworkbench/plugins/fr.ac6.mcu.externaltools.arm-none.win32_1.17.0.201812190825/tools/compiler/bin/../lib/gcc/arm-none-eabi/7.3.1/../../../../arm-none-eabi/lib/thumb/v7e-m/fpv4-sp/hard\libc_nano.a(lib_a-init.o)
                0x08006264                __libc_init_array
 .text.malloc   0x080062ac       0x10 c:/ac6/systemworkbench/plugins/fr.ac6.mcu.externaltools.arm-none.win32_1.17.0.201812190825/tools/compiler/bin/../lib/gcc/arm-none-eabi/7.3.1/../../../../arm-none-eabi/lib/thumb/v7e-m/fpv4-sp/hard\libc_nano.a(lib_a-malloc.o)
                0x080062ac                malloc
 .text.memset   0x080062bc       0x10 c:/ac6/systemworkbench/plugins/fr.ac6.mcu.externaltools.arm-none.win32_1.17.0.201812190825/tools/compiler/bin/../lib/gcc/arm-none-eabi/7.3.1/../../../../arm-none-eabi/lib/thumb/v7e-m/fpv4-sp/hard\libc_nano.a(lib_a-memset.o)
                0x080062bc                memset
 .text._malloc_r
                0x080062cc       0xb4 c:/ac6/systemworkbench/plugins/fr.ac6.mcu.externaltools.arm-none.win32_1.17.0.201812190825/tools/compiler/bin/../lib/gcc/arm-none-eabi/7.3.1/../../../../arm-none-eabi/lib/thumb/v7e-m/fpv4-sp/hard\libc_nano.a(lib_a-nano-mallocr.o)
                0x080062cc                _malloc_r
 .text._sbrk_r  0x08006380       0x20 c:/ac6/systemworkbench/plugins/fr.ac6.mcu.externaltools.arm-none.win32_1.17.0.201812190825/tools/compiler/bin/../lib/gcc/arm-none-eabi/7.3.1/../../../../arm-none-eabi/lib/thumb/v7e-m/fpv4-sp/hard\libc_nano.a(lib_a-sbrkr.o)
                0x08006380                _sbrk_r
 .text.__malloc_lock
                0x080063a0        0x2 c:/ac6/systemworkbench/plugins/fr.ac6.mcu.externaltools.arm-none.win32_1.17.0.201812190825/tools/compiler/bin/../lib/gcc/arm-none-eabi/7.3.1/../../../../arm-none-eabi/lib/thumb/v7e-m/fpv4-sp/hard\libc_nano.a(lib_a-mlock.o)
                0x080063a0                __malloc_lock
 .text.__malloc_unlock
                0x080063a2        0x2 c:/ac6/systemworkbench/plugins/fr.ac6.mcu.externaltools.arm-none.win32_1.17.0.201812190825/tools/compiler/bin/../lib/gcc/arm-none-eabi/7.3.1/../../../../arm-none-eabi/lib/thumb/v7e-m/fpv4-sp/hard\libc_nano.a(lib_a-mlock.o)
                0x080063a2                __malloc_unlock
 *(.glue_7)
 .glue_7        0x080063a4        0x0 linker stubs
 *(.glue_7t)
 .glue_7t       0x080063a4        0x0 linker stubs
 *(.eh_frame)
 .eh_frame      0x080063a4        0x0 c:/ac6/systemworkbench/plugins/fr.ac6.mcu.externaltools.arm-none.win32_1.17.0.201812190825/tools/compiler/bin/../lib/gcc/arm-none-eabi/7.3.1/thumb/v7e-m/fpv4-sp/hard/crtbegin.o
 *(.init)
 .init          0x080063a4        0x4 c:/ac6/systemworkbench/plugins/fr.ac6.mcu.externaltools.arm-none.win32_1.17.0.201812190825/tools/compiler/bin/../lib/gcc/arm-none-eabi/7.3.1/thumb/v7e-m/fpv4-sp/hard/crti.o
                0x080063a4                _init
 .init          0x080063a8        0x8 c:/ac6/systemworkbench/plugins/fr.ac6.mcu.externaltools.arm-none.win32_1.17.0.201812190825/tools/compiler/bin/../lib/gcc/arm-none-eabi/7.3.1/thumb/v7e-m/fpv4-sp/hard/crtn.o
 *(.fini)
 .fini          0x080063b0        0x4 c:/ac6/systemworkbench/plugins/fr.ac6.mcu.externaltools.arm-none.win32_1.17.0.201812190825/tools/compiler/bin/../lib/gcc/arm-none-eabi/7.3.1/thumb/v7e-m/fpv4-sp/hard/crti.o
                0x080063b0                _fini
 .fini          0x080063b4        0x8 c:/ac6/systemworkbench/plugins/fr.ac6.mcu.externaltools.arm-none.win32_1.17.0.201812190825/tools/compiler/bin/../lib/gcc/arm-none-eabi/7.3.1/thumb/v7e-m/fpv4-sp/hard/crtn.o
                0x080063c0                . = ALIGN (0x8)
 *fill*         0x080063bc        0x4 
                0x080063c0                _etext = .

.vfp11_veneer   0x080063c0        0x0
 .vfp11_veneer  0x080063c0        0x0 linker stubs

.v4_bx          0x080063c0        0x0
 .v4_bx         0x080063c0        0x0 linker stubs

.iplt           0x080063c0        0x0
 .iplt          0x080063c0        0x0 c:/ac6/systemworkbench/plugins/fr.ac6.mcu.externaltools.arm-none.win32_1.17.0.201812190825/tools/compiler/bin/../lib/gcc/arm-none-eabi/7.3.1/thumb/v7e-m/fpv4-sp/hard/crtbegin.o

.rodata         0x080063c0       0x78
                0x080063c0                . = ALIGN (0x8)
 *(.rodata)
 .rodata        0x080063c0       0x18 Application/User/ppg.o
 .rodata        0x080063d8       0x48 Drivers/CMSIS/system_stm32l4xx.o
                0x080063d8                MSIRangeTable
                0x08006408                AHBPrescTable
                0x08006418                APBPrescTable
 *(.rodata*)
 .rodata.pow.str1.4
                0x08006420        0x4 c:/ac6/systemworkbench/plugins/fr.ac6.mcu.externaltools.arm-none.win32_1.17.0.201812190825/tools/compiler/bin/../lib/gcc/arm-none-eabi/7.3.1/../../../../arm-none-eabi/lib/thumb/v7e-m/fpv4-sp/hard\libm.a(lib_a-w_pow.o)
 .rodata.__ieee754_pow.str1.4
                0x08006424        0x4 c:/ac6/systemworkbench/plugins/fr.ac6.mcu.externaltools.arm-none.win32_1.17.0.201812190825/tools/compiler/bin/../lib/gcc/arm-none-eabi/7.3.1/../../../../arm-none-eabi/lib/thumb/v7e-m/fpv4-sp/hard\libm.a(lib_a-e_pow.o)
                                  0x1 (size before relaxing)
 .rodata.TWO52  0x08006428       0x10 c:/ac6/systemworkbench/plugins/fr.ac6.mcu.externaltools.arm-none.win32_1.17.0.201812190825/tools/compiler/bin/../lib/gcc/arm-none-eabi/7.3.1/../../../../arm-none-eabi/lib/thumb/v7e-m/fpv4-sp/hard\libm.a(lib_a-s_rint.o)
                0x08006438                . = ALIGN (0x8)

.rel.dyn        0x08006438        0x0
 .rel.iplt      0x08006438        0x0 c:/ac6/systemworkbench/plugins/fr.ac6.mcu.externaltools.arm-none.win32_1.17.0.201812190825/tools/compiler/bin/../lib/gcc/arm-none-eabi/7.3.1/thumb/v7e-m/fpv4-sp/hard/crtbegin.o

.ARM.extab      0x08006438        0x0
                0x08006438                . = ALIGN (0x8)
 *(.ARM.extab* .gnu.linkonce.armextab.*)
                0x08006438                . = ALIGN (0x8)

.ARM            0x08006438        0x0
                0x08006438                . = ALIGN (0x8)
                0x08006438                __exidx_start = .
 *(.ARM.exidx*)
                0x08006438                __exidx_end = .
                0x08006438                . = ALIGN (0x8)

.preinit_array  0x08006438        0x0
                0x08006438                . = ALIGN (0x8)
                0x08006438                PROVIDE (__preinit_array_start = .)
 *(.preinit_array*)
                0x08006438                PROVIDE (__preinit_array_end = .)
                0x08006438                . = ALIGN (0x8)

.init_array     0x08006438        0x8
                0x08006438                . = ALIGN (0x8)
                0x08006438                PROVIDE (__init_array_start = .)
 *(SORT_BY_NAME(.init_array.*))
 *(.init_array*)
 .init_array    0x08006438        0x4 c:/ac6/systemworkbench/plugins/fr.ac6.mcu.externaltools.arm-none.win32_1.17.0.201812190825/tools/compiler/bin/../lib/gcc/arm-none-eabi/7.3.1/thumb/v7e-m/fpv4-sp/hard/crtbegin.o
                0x0800643c                PROVIDE (__init_array_end = .)
                0x08006440                . = ALIGN (0x8)
 *fill*         0x0800643c        0x4 

.fini_array     0x08006440        0x8
                0x08006440                . = ALIGN (0x8)
                [!provide]                PROVIDE (__fini_array_start = .)
 *(SORT_BY_NAME(.fini_array.*))
 *(.fini_array*)
 .fini_array    0x08006440        0x4 c:/ac6/systemworkbench/plugins/fr.ac6.mcu.externaltools.arm-none.win32_1.17.0.201812190825/tools/compiler/bin/../lib/gcc/arm-none-eabi/7.3.1/thumb/v7e-m/fpv4-sp/hard/crtbegin.o
                [!provide]                PROVIDE (__fini_array_end = .)
                0x08006448                . = ALIGN (0x8)
 *fill*         0x08006444        0x4 
                0x08006448                _sidata = LOADADDR (.data)

.data           0x20000000      0x280 load address 0x08006448
                0x20000000                . = ALIGN (0x8)
                0x20000000                _sdata = .
 *(.data)
 .data          0x20000000      0x200 Application/User/main.o
 .data          0x20000200        0x6 Application/User/ppg.o
                0x20000200                i
                0x20000202                IR_AC_Max
                0x20000204                IR_AC_Min
 *fill*         0x20000206        0x2 
 .data          0x20000208        0x4 Drivers/CMSIS/system_stm32l4xx.o
                0x20000208                SystemCoreClock
 .data          0x2000020c        0x8 Drivers/STM32L4xx_HAL_Driver/stm32l4xx_hal.o
                0x2000020c                uwTickFreq
                0x20000210                uwTickPrio
 *(.data*)
 .data.__fdlib_version
                0x20000214        0x1 c:/ac6/systemworkbench/plugins/fr.ac6.mcu.externaltools.arm-none.win32_1.17.0.201812190825/tools/compiler/bin/../lib/gcc/arm-none-eabi/7.3.1/../../../../arm-none-eabi/lib/thumb/v7e-m/fpv4-sp/hard\libm.a(lib_a-s_lib_ver.o)
                0x20000214                __fdlib_version
 *fill*         0x20000215        0x3 
 .data._impure_ptr
                0x20000218        0x4 c:/ac6/systemworkbench/plugins/fr.ac6.mcu.externaltools.arm-none.win32_1.17.0.201812190825/tools/compiler/bin/../lib/gcc/arm-none-eabi/7.3.1/../../../../arm-none-eabi/lib/thumb/v7e-m/fpv4-sp/hard\libc_nano.a(lib_a-impure.o)
                0x20000218                _impure_ptr
 .data.impure_data
                0x2000021c       0x60 c:/ac6/systemworkbench/plugins/fr.ac6.mcu.externaltools.arm-none.win32_1.17.0.201812190825/tools/compiler/bin/../lib/gcc/arm-none-eabi/7.3.1/../../../../arm-none-eabi/lib/thumb/v7e-m/fpv4-sp/hard\libc_nano.a(lib_a-impure.o)
                0x20000280                . = ALIGN (0x8)
 *fill*         0x2000027c        0x4 
                0x20000280                _edata = .

.igot.plt       0x20000280        0x0 load address 0x080066c8
 .igot.plt      0x20000280        0x0 c:/ac6/systemworkbench/plugins/fr.ac6.mcu.externaltools.arm-none.win32_1.17.0.201812190825/tools/compiler/bin/../lib/gcc/arm-none-eabi/7.3.1/thumb/v7e-m/fpv4-sp/hard/crtbegin.o
                0x20000280                . = ALIGN (0x4)

.bss            0x20000280      0x838 load address 0x080066c8
                0x20000280                _sbss = .
                0x20000280                __bss_start__ = _sbss
 *(.bss)
 .bss           0x20000280       0x1c c:/ac6/systemworkbench/plugins/fr.ac6.mcu.externaltools.arm-none.win32_1.17.0.201812190825/tools/compiler/bin/../lib/gcc/arm-none-eabi/7.3.1/thumb/v7e-m/fpv4-sp/hard/crtbegin.o
 .bss           0x2000029c        0x8 Application/SW4STM32/syscalls.o
                0x200002a0                __env
 .bss           0x200002a4       0x20 Application/User/main.o
                0x200002a4                timerMedidas
                0x200002a8                countRates
                0x200002a9                avisoBat
                0x200002aa                avisoPresion
                0x200002ab                avisoTemp
                0x200002ac                avisoPulso
                0x200002ad                avisoEstresAlto
                0x200002b0                timerAlarma
                0x200002b4                alcoholMax
                0x200002c0                tiempoInicio
 .bss           0x200002c4      0x144 Application/User/ppg.o
                0x200002c4                offset
                0x200002c8                IR_Time_Previous
                0x200002cc                IR_Time_Current
                0x200002d0                IR_AC_Signal_Current
                0x200002d2                pendienteAnterior
                0x200002d3                pendiente
                0x200002d4                ir_avg_reg
                0x200002d8                IR_AC_Signal_max
                0x200002da                IR_AC_Signal_min
                0x200002dc                j
                0x200002dd                picoMaxDetectado
                0x200002de                picoDicroDetectado
                0x200002df                p
                0x200002e0                k
                0x200002e2                positiveEdge
                0x200002e4                negativeEdge
 *(.bss*)
 .bss.__malloc_free_list
                0x20000408        0x4 c:/ac6/systemworkbench/plugins/fr.ac6.mcu.externaltools.arm-none.win32_1.17.0.201812190825/tools/compiler/bin/../lib/gcc/arm-none-eabi/7.3.1/../../../../arm-none-eabi/lib/thumb/v7e-m/fpv4-sp/hard\libc_nano.a(lib_a-nano-mallocr.o)
                0x20000408                __malloc_free_list
 .bss.__malloc_sbrk_start
                0x2000040c        0x4 c:/ac6/systemworkbench/plugins/fr.ac6.mcu.externaltools.arm-none.win32_1.17.0.201812190825/tools/compiler/bin/../lib/gcc/arm-none-eabi/7.3.1/../../../../arm-none-eabi/lib/thumb/v7e-m/fpv4-sp/hard\libc_nano.a(lib_a-nano-mallocr.o)
                0x2000040c                __malloc_sbrk_start
 *(COMMON)
 COMMON         0x20000410       0xac Application/User/adc.o
                0x20000410                hadc1
                0x20000474                hdma_adc1
 COMMON         0x200004bc       0x98 Application/User/i2c.o
                0x200004bc                hi2c3
                0x20000508                hi2c1
 COMMON         0x20000554      0x320 Application/User/main.o
                0x20000554                pulsosMedia
                0x20000558                ST
                0x200005a8                nivel_bateria
                0x200005ac                maxBp
                0x200005b0                rates
                0x200005d8                nivelAlcohol
                0x200005dc                temp
                0x200005e0                sense
                0x20000764                minBp
                0x20000768                minBPTiempo
                0x200007b8                adc
                0x200007c4                T1
                0x20000814                tiemposPPG
                0x20000820                estresMedido
                0x20000824                maxBPTiempo
 COMMON         0x20000874      0x23c Application/User/ppg.o
                0x20000874                IR_AC_Signal_Previous
                0x20000876                IR_Average_Estimated
                0x20000878                picoMinimoValor
                0x200008dc                picoMaximoValor
                0x20000940                activeLEDs
                0x20000944                cbuf
                0x20000984                picoMinimo
                0x200009e8                picoMaximo
                0x20000a4c                picoDicrotico
 COMMON         0x20000ab0        0x4 Drivers/STM32L4xx_HAL_Driver/stm32l4xx_hal.o
                0x20000ab0                uwTick
 COMMON         0x20000ab4        0x4 c:/ac6/systemworkbench/plugins/fr.ac6.mcu.externaltools.arm-none.win32_1.17.0.201812190825/tools/compiler/bin/../lib/gcc/arm-none-eabi/7.3.1/../../../../arm-none-eabi/lib/thumb/v7e-m/fpv4-sp/hard\libc_nano.a(lib_a-reent.o)
                0x20000ab4                errno
                0x20000ab8                . = ALIGN (0x4)
                0x20000ab8                _ebss = .
                0x20000ab8                __bss_end__ = _ebss

._user_heap_stack
                0x20000ab8      0x600 load address 0x080066c8
                0x20000ab8                . = ALIGN (0x8)
                0x20000ab8                PROVIDE (end = .)
                [!provide]                PROVIDE (_end = .)
                0x20000cb8                . = (. + _Min_Heap_Size)
 *fill*         0x20000ab8      0x200 
                0x200010b8                . = (. + _Min_Stack_Size)
 *fill*         0x20000cb8      0x400 
                0x200010b8                . = ALIGN (0x8)

/DISCARD/
 libc.a(*)
 libm.a(*)
 libgcc.a(*)

.ARM.attributes
                0x00000000       0x30
 *(.ARM.attributes)
 .ARM.attributes
                0x00000000       0x22 c:/ac6/systemworkbench/plugins/fr.ac6.mcu.externaltools.arm-none.win32_1.17.0.201812190825/tools/compiler/bin/../lib/gcc/arm-none-eabi/7.3.1/thumb/v7e-m/fpv4-sp/hard/crti.o
 .ARM.attributes
                0x00000022       0x34 c:/ac6/systemworkbench/plugins/fr.ac6.mcu.externaltools.arm-none.win32_1.17.0.201812190825/tools/compiler/bin/../lib/gcc/arm-none-eabi/7.3.1/thumb/v7e-m/fpv4-sp/hard/crtbegin.o
 .ARM.attributes
                0x00000056       0x21 Application/SW4STM32/startup_stm32l412xx.o
 .ARM.attributes
                0x00000077       0x39 Application/SW4STM32/syscalls.o
 .ARM.attributes
                0x000000b0       0x39 Application/User/adc.o
 .ARM.attributes
                0x000000e9       0x39 Application/User/dma.o
 .ARM.attributes
                0x00000122       0x39 Application/User/fsm.o
 .ARM.attributes
                0x0000015b       0x39 Application/User/gpio.o
 .ARM.attributes
                0x00000194       0x39 Application/User/i2c.o
 .ARM.attributes
                0x000001cd       0x39 Application/User/main.o
 .ARM.attributes
                0x00000206       0x39 Application/User/ppg.o
 .ARM.attributes
                0x0000023f       0x39 Application/User/stm32l4xx_hal_msp.o
 .ARM.attributes
                0x00000278       0x39 Application/User/stm32l4xx_it.o
 .ARM.attributes
                0x000002b1       0x39 Drivers/CMSIS/system_stm32l4xx.o
 .ARM.attributes
                0x000002ea       0x39 Drivers/STM32L4xx_HAL_Driver/stm32l4xx_hal.o
 .ARM.attributes
                0x00000323       0x39 Drivers/STM32L4xx_HAL_Driver/stm32l4xx_hal_adc.o
 .ARM.attributes
                0x0000035c       0x39 Drivers/STM32L4xx_HAL_Driver/stm32l4xx_hal_adc_ex.o
 .ARM.attributes
                0x00000395       0x39 Drivers/STM32L4xx_HAL_Driver/stm32l4xx_hal_cortex.o
 .ARM.attributes
                0x000003ce       0x39 Drivers/STM32L4xx_HAL_Driver/stm32l4xx_hal_dma.o
 .ARM.attributes
                0x00000407       0x39 Drivers/STM32L4xx_HAL_Driver/stm32l4xx_hal_gpio.o
 .ARM.attributes
                0x00000440       0x39 Drivers/STM32L4xx_HAL_Driver/stm32l4xx_hal_i2c.o
 .ARM.attributes
                0x00000479       0x39 Drivers/STM32L4xx_HAL_Driver/stm32l4xx_hal_i2c_ex.o
 .ARM.attributes
                0x000004b2       0x39 Drivers/STM32L4xx_HAL_Driver/stm32l4xx_hal_pwr.o
 .ARM.attributes
                0x000004eb       0x39 Drivers/STM32L4xx_HAL_Driver/stm32l4xx_hal_pwr_ex.o
 .ARM.attributes
                0x00000524       0x39 Drivers/STM32L4xx_HAL_Driver/stm32l4xx_hal_rcc.o
 .ARM.attributes
                0x0000055d       0x39 Drivers/STM32L4xx_HAL_Driver/stm32l4xx_hal_rcc_ex.o
 .ARM.attributes
                0x00000596       0x34 c:/ac6/systemworkbench/plugins/fr.ac6.mcu.externaltools.arm-none.win32_1.17.0.201812190825/tools/compiler/bin/../lib/gcc/arm-none-eabi/7.3.1/../../../../arm-none-eabi/lib/thumb/v7e-m/fpv4-sp/hard\libm.a(lib_a-w_pow.o)
 .ARM.attributes
                0x000005ca       0x34 c:/ac6/systemworkbench/plugins/fr.ac6.mcu.externaltools.arm-none.win32_1.17.0.201812190825/tools/compiler/bin/../lib/gcc/arm-none-eabi/7.3.1/../../../../arm-none-eabi/lib/thumb/v7e-m/fpv4-sp/hard\libm.a(lib_a-e_pow.o)
 .ARM.attributes
                0x000005fe       0x34 c:/ac6/systemworkbench/plugins/fr.ac6.mcu.externaltools.arm-none.win32_1.17.0.201812190825/tools/compiler/bin/../lib/gcc/arm-none-eabi/7.3.1/../../../../arm-none-eabi/lib/thumb/v7e-m/fpv4-sp/hard\libm.a(lib_a-e_sqrt.o)
 .ARM.attributes
                0x00000632       0x34 c:/ac6/systemworkbench/plugins/fr.ac6.mcu.externaltools.arm-none.win32_1.17.0.201812190825/tools/compiler/bin/../lib/gcc/arm-none-eabi/7.3.1/../../../../arm-none-eabi/lib/thumb/v7e-m/fpv4-sp/hard\libm.a(lib_a-s_fabs.o)
 .ARM.attributes
                0x00000666       0x34 c:/ac6/systemworkbench/plugins/fr.ac6.mcu.externaltools.arm-none.win32_1.17.0.201812190825/tools/compiler/bin/../lib/gcc/arm-none-eabi/7.3.1/../../../../arm-none-eabi/lib/thumb/v7e-m/fpv4-sp/hard\libm.a(lib_a-s_finite.o)
 .ARM.attributes
                0x0000069a       0x34 c:/ac6/systemworkbench/plugins/fr.ac6.mcu.externaltools.arm-none.win32_1.17.0.201812190825/tools/compiler/bin/../lib/gcc/arm-none-eabi/7.3.1/../../../../arm-none-eabi/lib/thumb/v7e-m/fpv4-sp/hard\libm.a(lib_a-s_lib_ver.o)
 .ARM.attributes
                0x000006ce       0x34 c:/ac6/systemworkbench/plugins/fr.ac6.mcu.externaltools.arm-none.win32_1.17.0.201812190825/tools/compiler/bin/../lib/gcc/arm-none-eabi/7.3.1/../../../../arm-none-eabi/lib/thumb/v7e-m/fpv4-sp/hard\libm.a(lib_a-s_matherr.o)
 .ARM.attributes
                0x00000702       0x34 c:/ac6/systemworkbench/plugins/fr.ac6.mcu.externaltools.arm-none.win32_1.17.0.201812190825/tools/compiler/bin/../lib/gcc/arm-none-eabi/7.3.1/../../../../arm-none-eabi/lib/thumb/v7e-m/fpv4-sp/hard\libm.a(lib_a-s_nan.o)
 .ARM.attributes
                0x00000736       0x34 c:/ac6/systemworkbench/plugins/fr.ac6.mcu.externaltools.arm-none.win32_1.17.0.201812190825/tools/compiler/bin/../lib/gcc/arm-none-eabi/7.3.1/../../../../arm-none-eabi/lib/thumb/v7e-m/fpv4-sp/hard\libm.a(lib_a-s_rint.o)
 .ARM.attributes
                0x0000076a       0x34 c:/ac6/systemworkbench/plugins/fr.ac6.mcu.externaltools.arm-none.win32_1.17.0.201812190825/tools/compiler/bin/../lib/gcc/arm-none-eabi/7.3.1/../../../../arm-none-eabi/lib/thumb/v7e-m/fpv4-sp/hard\libm.a(lib_a-s_scalbn.o)
 .ARM.attributes
                0x0000079e       0x34 c:/ac6/systemworkbench/plugins/fr.ac6.mcu.externaltools.arm-none.win32_1.17.0.201812190825/tools/compiler/bin/../lib/gcc/arm-none-eabi/7.3.1/../../../../arm-none-eabi/lib/thumb/v7e-m/fpv4-sp/hard\libm.a(lib_a-s_copysign.o)
 .ARM.attributes
                0x000007d2       0x22 c:/ac6/systemworkbench/plugins/fr.ac6.mcu.externaltools.arm-none.win32_1.17.0.201812190825/tools/compiler/bin/../lib/gcc/arm-none-eabi/7.3.1/thumb/v7e-m/fpv4-sp/hard\libgcc.a(_arm_addsubdf3.o)
 .ARM.attributes
                0x000007f4       0x22 c:/ac6/systemworkbench/plugins/fr.ac6.mcu.externaltools.arm-none.win32_1.17.0.201812190825/tools/compiler/bin/../lib/gcc/arm-none-eabi/7.3.1/thumb/v7e-m/fpv4-sp/hard\libgcc.a(_arm_muldivdf3.o)
 .ARM.attributes
                0x00000816       0x22 c:/ac6/systemworkbench/plugins/fr.ac6.mcu.externaltools.arm-none.win32_1.17.0.201812190825/tools/compiler/bin/../lib/gcc/arm-none-eabi/7.3.1/thumb/v7e-m/fpv4-sp/hard\libgcc.a(_arm_cmpdf2.o)
 .ARM.attributes
                0x00000838       0x22 c:/ac6/systemworkbench/plugins/fr.ac6.mcu.externaltools.arm-none.win32_1.17.0.201812190825/tools/compiler/bin/../lib/gcc/arm-none-eabi/7.3.1/thumb/v7e-m/fpv4-sp/hard\libgcc.a(_arm_unorddf2.o)
 .ARM.attributes
                0x0000085a       0x22 c:/ac6/systemworkbench/plugins/fr.ac6.mcu.externaltools.arm-none.win32_1.17.0.201812190825/tools/compiler/bin/../lib/gcc/arm-none-eabi/7.3.1/thumb/v7e-m/fpv4-sp/hard\libgcc.a(_arm_truncdfsf2.o)
 .ARM.attributes
                0x0000087c       0x34 c:/ac6/systemworkbench/plugins/fr.ac6.mcu.externaltools.arm-none.win32_1.17.0.201812190825/tools/compiler/bin/../lib/gcc/arm-none-eabi/7.3.1/../../../../arm-none-eabi/lib/thumb/v7e-m/fpv4-sp/hard\libc_nano.a(lib_a-errno.o)
 .ARM.attributes
                0x000008b0       0x34 c:/ac6/systemworkbench/plugins/fr.ac6.mcu.externaltools.arm-none.win32_1.17.0.201812190825/tools/compiler/bin/../lib/gcc/arm-none-eabi/7.3.1/../../../../arm-none-eabi/lib/thumb/v7e-m/fpv4-sp/hard\libc_nano.a(lib_a-impure.o)
 .ARM.attributes
                0x000008e4       0x34 c:/ac6/systemworkbench/plugins/fr.ac6.mcu.externaltools.arm-none.win32_1.17.0.201812190825/tools/compiler/bin/../lib/gcc/arm-none-eabi/7.3.1/../../../../arm-none-eabi/lib/thumb/v7e-m/fpv4-sp/hard\libc_nano.a(lib_a-init.o)
 .ARM.attributes
                0x00000918       0x34 c:/ac6/systemworkbench/plugins/fr.ac6.mcu.externaltools.arm-none.win32_1.17.0.201812190825/tools/compiler/bin/../lib/gcc/arm-none-eabi/7.3.1/../../../../arm-none-eabi/lib/thumb/v7e-m/fpv4-sp/hard\libc_nano.a(lib_a-malloc.o)
 .ARM.attributes
                0x0000094c       0x34 c:/ac6/systemworkbench/plugins/fr.ac6.mcu.externaltools.arm-none.win32_1.17.0.201812190825/tools/compiler/bin/../lib/gcc/arm-none-eabi/7.3.1/../../../../arm-none-eabi/lib/thumb/v7e-m/fpv4-sp/hard\libc_nano.a(lib_a-memset.o)
 .ARM.attributes
                0x00000980       0x34 c:/ac6/systemworkbench/plugins/fr.ac6.mcu.externaltools.arm-none.win32_1.17.0.201812190825/tools/compiler/bin/../lib/gcc/arm-none-eabi/7.3.1/../../../../arm-none-eabi/lib/thumb/v7e-m/fpv4-sp/hard\libc_nano.a(lib_a-nano-mallocr.o)
 .ARM.attributes
                0x000009b4       0x34 c:/ac6/systemworkbench/plugins/fr.ac6.mcu.externaltools.arm-none.win32_1.17.0.201812190825/tools/compiler/bin/../lib/gcc/arm-none-eabi/7.3.1/../../../../arm-none-eabi/lib/thumb/v7e-m/fpv4-sp/hard\libc_nano.a(lib_a-sbrkr.o)
 .ARM.attributes
                0x000009e8       0x34 c:/ac6/systemworkbench/plugins/fr.ac6.mcu.externaltools.arm-none.win32_1.17.0.201812190825/tools/compiler/bin/../lib/gcc/arm-none-eabi/7.3.1/../../../../arm-none-eabi/lib/thumb/v7e-m/fpv4-sp/hard\libc_nano.a(lib_a-mlock.o)
 .ARM.attributes
                0x00000a1c       0x34 c:/ac6/systemworkbench/plugins/fr.ac6.mcu.externaltools.arm-none.win32_1.17.0.201812190825/tools/compiler/bin/../lib/gcc/arm-none-eabi/7.3.1/../../../../arm-none-eabi/lib/thumb/v7e-m/fpv4-sp/hard\libc_nano.a(lib_a-reent.o)
 .ARM.attributes
                0x00000a50       0x22 c:/ac6/systemworkbench/plugins/fr.ac6.mcu.externaltools.arm-none.win32_1.17.0.201812190825/tools/compiler/bin/../lib/gcc/arm-none-eabi/7.3.1/thumb/v7e-m/fpv4-sp/hard/crtn.o
OUTPUT(SW.elf elf32-littlearm)

.debug_line     0x00000000     0xdeb0
 .debug_line    0x00000000       0x89 Application/SW4STM32/startup_stm32l412xx.o
 .debug_line    0x00000089      0x5e0 Application/SW4STM32/syscalls.o
 .debug_line    0x00000669      0x6d0 Application/User/adc.o
 .debug_line    0x00000d39      0x664 Application/User/dma.o
 .debug_line    0x0000139d      0x388 Application/User/fsm.o
 .debug_line    0x00001725      0x670 Application/User/gpio.o
 .debug_line    0x00001d95      0x6e7 Application/User/i2c.o
 .debug_line    0x0000247c      0xbea Application/User/main.o
 .debug_line    0x00003066      0xaf7 Application/User/ppg.o
 .debug_line    0x00003b5d      0x669 Application/User/stm32l4xx_hal_msp.o
 .debug_line    0x000041c6      0x71d Application/User/stm32l4xx_it.o
 .debug_line    0x000048e3      0x69e Drivers/CMSIS/system_stm32l4xx.o
 .debug_line    0x00004f81      0x8ae Drivers/STM32L4xx_HAL_Driver/stm32l4xx_hal.o
 .debug_line    0x0000582f     0x129f Drivers/STM32L4xx_HAL_Driver/stm32l4xx_hal_adc.o
 .debug_line    0x00006ace     0x10ba Drivers/STM32L4xx_HAL_Driver/stm32l4xx_hal_adc_ex.o
 .debug_line    0x00007b88      0x8b9 Drivers/STM32L4xx_HAL_Driver/stm32l4xx_hal_cortex.o
 .debug_line    0x00008441      0x8de Drivers/STM32L4xx_HAL_Driver/stm32l4xx_hal_dma.o
 .debug_line    0x00008d1f      0x7c2 Drivers/STM32L4xx_HAL_Driver/stm32l4xx_hal_gpio.o
 .debug_line    0x000094e1     0x1b0e Drivers/STM32L4xx_HAL_Driver/stm32l4xx_hal_i2c.o
 .debug_line    0x0000afef      0x7af Drivers/STM32L4xx_HAL_Driver/stm32l4xx_hal_i2c_ex.o
 .debug_line    0x0000b79e      0x7ab Drivers/STM32L4xx_HAL_Driver/stm32l4xx_hal_pwr.o
 .debug_line    0x0000bf49      0xa63 Drivers/STM32L4xx_HAL_Driver/stm32l4xx_hal_pwr_ex.o
 .debug_line    0x0000c9ac      0xa21 Drivers/STM32L4xx_HAL_Driver/stm32l4xx_hal_rcc.o
 .debug_line    0x0000d3cd      0xae3 Drivers/STM32L4xx_HAL_Driver/stm32l4xx_hal_rcc_ex.o

.debug_info     0x00000000    0x1ab63
 .debug_info    0x00000000       0x22 Application/SW4STM32/startup_stm32l412xx.o
 .debug_info    0x00000022      0xfd3 Application/SW4STM32/syscalls.o
 .debug_info    0x00000ff5     0x1073 Application/User/adc.o
 .debug_info    0x00002068      0x699 Application/User/dma.o
 .debug_info    0x00002701      0xa48 Application/User/fsm.o
 .debug_info    0x00003149      0x6bf Application/User/gpio.o
 .debug_info    0x00003808      0xd78 Application/User/i2c.o
 .debug_info    0x00004580     0x2d48 Application/User/main.o
 .debug_info    0x000072c8     0x284e Application/User/ppg.o
 .debug_info    0x00009b16      0x4d5 Application/User/stm32l4xx_hal_msp.o
 .debug_info    0x00009feb      0x957 Application/User/stm32l4xx_it.o
 .debug_info    0x0000a942      0x709 Drivers/CMSIS/system_stm32l4xx.o
 .debug_info    0x0000b04b      0xb23 Drivers/STM32L4xx_HAL_Driver/stm32l4xx_hal.o
 .debug_info    0x0000bb6e     0x2be1 Drivers/STM32L4xx_HAL_Driver/stm32l4xx_hal_adc.o
 .debug_info    0x0000e74f     0x25b6 Drivers/STM32L4xx_HAL_Driver/stm32l4xx_hal_adc_ex.o
 .debug_info    0x00010d05     0x100a Drivers/STM32L4xx_HAL_Driver/stm32l4xx_hal_cortex.o
 .debug_info    0x00011d0f      0x956 Drivers/STM32L4xx_HAL_Driver/stm32l4xx_hal_dma.o
 .debug_info    0x00012665      0x989 Drivers/STM32L4xx_HAL_Driver/stm32l4xx_hal_gpio.o
 .debug_info    0x00012fee     0x3b1e Drivers/STM32L4xx_HAL_Driver/stm32l4xx_hal_i2c.o
 .debug_info    0x00016b0c      0xb57 Drivers/STM32L4xx_HAL_Driver/stm32l4xx_hal_i2c_ex.o
 .debug_info    0x00017663      0xac8 Drivers/STM32L4xx_HAL_Driver/stm32l4xx_hal_pwr.o
 .debug_info    0x0001812b      0xb61 Drivers/STM32L4xx_HAL_Driver/stm32l4xx_hal_pwr_ex.o
 .debug_info    0x00018c8c      0xf3b Drivers/STM32L4xx_HAL_Driver/stm32l4xx_hal_rcc.o
 .debug_info    0x00019bc7      0xf9c Drivers/STM32L4xx_HAL_Driver/stm32l4xx_hal_rcc_ex.o

.debug_abbrev   0x00000000     0x322f
 .debug_abbrev  0x00000000       0x12 Application/SW4STM32/startup_stm32l412xx.o
 .debug_abbrev  0x00000012      0x2d4 Application/SW4STM32/syscalls.o
 .debug_abbrev  0x000002e6      0x1e3 Application/User/adc.o
 .debug_abbrev  0x000004c9      0x15c Application/User/dma.o
 .debug_abbrev  0x00000625      0x26b Application/User/fsm.o
 .debug_abbrev  0x00000890      0x162 Application/User/gpio.o
 .debug_abbrev  0x000009f2      0x1d4 Application/User/i2c.o
 .debug_abbrev  0x00000bc6      0x40e Application/User/main.o
 .debug_abbrev  0x00000fd4      0x3ae Application/User/ppg.o
 .debug_abbrev  0x00001382      0x125 Application/User/stm32l4xx_hal_msp.o
 .debug_abbrev  0x000014a7      0x176 Application/User/stm32l4xx_it.o
 .debug_abbrev  0x0000161d      0x150 Drivers/CMSIS/system_stm32l4xx.o
 .debug_abbrev  0x0000176d      0x209 Drivers/STM32L4xx_HAL_Driver/stm32l4xx_hal.o
 .debug_abbrev  0x00001976      0x294 Drivers/STM32L4xx_HAL_Driver/stm32l4xx_hal_adc.o
 .debug_abbrev  0x00001c0a      0x310 Drivers/STM32L4xx_HAL_Driver/stm32l4xx_hal_adc_ex.o
 .debug_abbrev  0x00001f1a      0x328 Drivers/STM32L4xx_HAL_Driver/stm32l4xx_hal_cortex.o
 .debug_abbrev  0x00002242      0x233 Drivers/STM32L4xx_HAL_Driver/stm32l4xx_hal_dma.o
 .debug_abbrev  0x00002475      0x1de Drivers/STM32L4xx_HAL_Driver/stm32l4xx_hal_gpio.o
 .debug_abbrev  0x00002653      0x25d Drivers/STM32L4xx_HAL_Driver/stm32l4xx_hal_i2c.o
 .debug_abbrev  0x000028b0      0x1b9 Drivers/STM32L4xx_HAL_Driver/stm32l4xx_hal_i2c_ex.o
 .debug_abbrev  0x00002a69      0x18d Drivers/STM32L4xx_HAL_Driver/stm32l4xx_hal_pwr.o
 .debug_abbrev  0x00002bf6      0x1f5 Drivers/STM32L4xx_HAL_Driver/stm32l4xx_hal_pwr_ex.o
 .debug_abbrev  0x00002deb      0x21f Drivers/STM32L4xx_HAL_Driver/stm32l4xx_hal_rcc.o
 .debug_abbrev  0x0000300a      0x225 Drivers/STM32L4xx_HAL_Driver/stm32l4xx_hal_rcc_ex.o

.debug_aranges  0x00000000      0xf40
 .debug_aranges
                0x00000000       0x28 Application/SW4STM32/startup_stm32l412xx.o
 .debug_aranges
                0x00000028       0xb0 Application/SW4STM32/syscalls.o
 .debug_aranges
                0x000000d8       0x30 Application/User/adc.o
 .debug_aranges
                0x00000108       0x20 Application/User/dma.o
 .debug_aranges
                0x00000128       0x30 Application/User/fsm.o
 .debug_aranges
                0x00000158       0x20 Application/User/gpio.o
 .debug_aranges
                0x00000178       0x38 Application/User/i2c.o
 .debug_aranges
                0x000001b0      0x140 Application/User/main.o
 .debug_aranges
                0x000002f0      0x118 Application/User/ppg.o
 .debug_aranges
                0x00000408       0x20 Application/User/stm32l4xx_hal_msp.o
 .debug_aranges
                0x00000428       0x70 Application/User/stm32l4xx_it.o
 .debug_aranges
                0x00000498       0x28 Drivers/CMSIS/system_stm32l4xx.o
 .debug_aranges
                0x000004c0      0x108 Drivers/STM32L4xx_HAL_Driver/stm32l4xx_hal.o
 .debug_aranges
                0x000005c8       0xf8 Drivers/STM32L4xx_HAL_Driver/stm32l4xx_hal_adc.o
 .debug_aranges
                0x000006c0       0xf0 Drivers/STM32L4xx_HAL_Driver/stm32l4xx_hal_adc_ex.o
 .debug_aranges
                0x000007b0       0xa8 Drivers/STM32L4xx_HAL_Driver/stm32l4xx_hal_cortex.o
 .debug_aranges
                0x00000858       0x80 Drivers/STM32L4xx_HAL_Driver/stm32l4xx_hal_dma.o
 .debug_aranges
                0x000008d8       0x58 Drivers/STM32L4xx_HAL_Driver/stm32l4xx_hal_gpio.o
 .debug_aranges
                0x00000930      0x290 Drivers/STM32L4xx_HAL_Driver/stm32l4xx_hal_i2c.o
 .debug_aranges
                0x00000bc0       0x48 Drivers/STM32L4xx_HAL_Driver/stm32l4xx_hal_i2c_ex.o
 .debug_aranges
                0x00000c08       0x98 Drivers/STM32L4xx_HAL_Driver/stm32l4xx_hal_pwr.o
 .debug_aranges
                0x00000ca0      0x148 Drivers/STM32L4xx_HAL_Driver/stm32l4xx_hal_pwr_ex.o
 .debug_aranges
                0x00000de8       0x88 Drivers/STM32L4xx_HAL_Driver/stm32l4xx_hal_rcc.o
 .debug_aranges
                0x00000e70       0xd0 Drivers/STM32L4xx_HAL_Driver/stm32l4xx_hal_rcc_ex.o

.debug_str      0x00000000    0xb1694
 .debug_str     0x00000000       0x59 Application/SW4STM32/startup_stm32l412xx.o
 .debug_str     0x00000059     0x8332 Application/SW4STM32/syscalls.o
                               0x8598 (size before relaxing)
 .debug_str     0x0000838b    0xa3426 Application/User/adc.o
                              0xa6e32 (size before relaxing)
 .debug_str     0x000ab7b1       0x2f Application/User/dma.o
                              0xa6810 (size before relaxing)
 .debug_str     0x000ab7e0       0x99 Application/User/fsm.o
                               0x60ac (size before relaxing)
 .debug_str     0x000ab879       0x5d Application/User/gpio.o
                              0xa650d (size before relaxing)
 .debug_str     0x000ab8d6      0x2dd Application/User/i2c.o
                              0xa69fe (size before relaxing)
 .debug_str     0x000abbb3     0x14d9 Application/User/main.o
                              0xac06e (size before relaxing)
 .debug_str     0x000ad08c      0xa7b Application/User/ppg.o
                              0xaa177 (size before relaxing)
 .debug_str     0x000adb07       0x34 Application/User/stm32l4xx_hal_msp.o
                              0xa6455 (size before relaxing)
 .debug_str     0x000adb3b      0x110 Application/User/stm32l4xx_it.o
                              0xa6864 (size before relaxing)
 .debug_str     0x000adc4b       0xd2 Drivers/CMSIS/system_stm32l4xx.o
                              0xa64e8 (size before relaxing)
 .debug_str     0x000add1d      0x4c9 Drivers/STM32L4xx_HAL_Driver/stm32l4xx_hal.o
                              0xa6dd0 (size before relaxing)
 .debug_str     0x000ae1e6      0xa99 Drivers/STM32L4xx_HAL_Driver/stm32l4xx_hal_adc.o
                              0xa7353 (size before relaxing)
 .debug_str     0x000aec7f      0x63b Drivers/STM32L4xx_HAL_Driver/stm32l4xx_hal_adc_ex.o
                              0xa72ad (size before relaxing)
 .debug_str     0x000af2ba      0x330 Drivers/STM32L4xx_HAL_Driver/stm32l4xx_hal_cortex.o
                              0xa6bf6 (size before relaxing)
 .debug_str     0x000af5ea      0x20f Drivers/STM32L4xx_HAL_Driver/stm32l4xx_hal_dma.o
                              0xa6750 (size before relaxing)
 .debug_str     0x000af7f9      0x1fd Drivers/STM32L4xx_HAL_Driver/stm32l4xx_hal_gpio.o
                              0xa6767 (size before relaxing)
 .debug_str     0x000af9f6      0xcfb Drivers/STM32L4xx_HAL_Driver/stm32l4xx_hal_i2c.o
                              0xa763c (size before relaxing)
 .debug_str     0x000b06f1       0xc2 Drivers/STM32L4xx_HAL_Driver/stm32l4xx_hal_i2c_ex.o
                              0xa69f6 (size before relaxing)
 .debug_str     0x000b07b3      0x333 Drivers/STM32L4xx_HAL_Driver/stm32l4xx_hal_pwr.o
                              0xa6856 (size before relaxing)
 .debug_str     0x000b0ae6      0x3d5 Drivers/STM32L4xx_HAL_Driver/stm32l4xx_hal_pwr_ex.o
                              0xa6a18 (size before relaxing)
 .debug_str     0x000b0ebb      0x378 Drivers/STM32L4xx_HAL_Driver/stm32l4xx_hal_rcc.o
                              0xa6ab6 (size before relaxing)
 .debug_str     0x000b1233      0x461 Drivers/STM32L4xx_HAL_Driver/stm32l4xx_hal_rcc_ex.o
                              0xa6c63 (size before relaxing)

.debug_ranges   0x00000000     0x1228
 .debug_ranges  0x00000000       0x20 Application/SW4STM32/startup_stm32l412xx.o
 .debug_ranges  0x00000020       0xa0 Application/SW4STM32/syscalls.o
 .debug_ranges  0x000000c0       0x20 Application/User/adc.o
 .debug_ranges  0x000000e0       0x10 Application/User/dma.o
 .debug_ranges  0x000000f0       0x20 Application/User/fsm.o
 .debug_ranges  0x00000110       0x10 Application/User/gpio.o
 .debug_ranges  0x00000120       0x28 Application/User/i2c.o
 .debug_ranges  0x00000148      0x178 Application/User/main.o
 .debug_ranges  0x000002c0      0x140 Application/User/ppg.o
 .debug_ranges  0x00000400       0x10 Application/User/stm32l4xx_hal_msp.o
 .debug_ranges  0x00000410       0x60 Application/User/stm32l4xx_it.o
 .debug_ranges  0x00000470       0x18 Drivers/CMSIS/system_stm32l4xx.o
 .debug_ranges  0x00000488       0xf8 Drivers/STM32L4xx_HAL_Driver/stm32l4xx_hal.o
 .debug_ranges  0x00000580      0x268 Drivers/STM32L4xx_HAL_Driver/stm32l4xx_hal_adc.o
 .debug_ranges  0x000007e8      0x290 Drivers/STM32L4xx_HAL_Driver/stm32l4xx_hal_adc_ex.o
 .debug_ranges  0x00000a78       0xf8 Drivers/STM32L4xx_HAL_Driver/stm32l4xx_hal_cortex.o
 .debug_ranges  0x00000b70       0x70 Drivers/STM32L4xx_HAL_Driver/stm32l4xx_hal_dma.o
 .debug_ranges  0x00000be0       0x48 Drivers/STM32L4xx_HAL_Driver/stm32l4xx_hal_gpio.o
 .debug_ranges  0x00000c28      0x280 Drivers/STM32L4xx_HAL_Driver/stm32l4xx_hal_i2c.o
 .debug_ranges  0x00000ea8       0x38 Drivers/STM32L4xx_HAL_Driver/stm32l4xx_hal_i2c_ex.o
 .debug_ranges  0x00000ee0       0x88 Drivers/STM32L4xx_HAL_Driver/stm32l4xx_hal_pwr.o
 .debug_ranges  0x00000f68      0x138 Drivers/STM32L4xx_HAL_Driver/stm32l4xx_hal_pwr_ex.o
 .debug_ranges  0x000010a0       0xb0 Drivers/STM32L4xx_HAL_Driver/stm32l4xx_hal_rcc.o
 .debug_ranges  0x00001150       0xd8 Drivers/STM32L4xx_HAL_Driver/stm32l4xx_hal_rcc_ex.o

.debug_loc      0x00000000     0xcecb
 .debug_loc     0x00000000      0x3af Application/SW4STM32/syscalls.o
 .debug_loc     0x000003af       0x63 Application/User/adc.o
 .debug_loc     0x00000412       0x5a Application/User/fsm.o
 .debug_loc     0x0000046c       0xa6 Application/User/i2c.o
 .debug_loc     0x00000512      0xa92 Application/User/main.o
 .debug_loc     0x00000fa4      0x965 Application/User/ppg.o
 .debug_loc     0x00001909      0x1b8 Drivers/CMSIS/system_stm32l4xx.o
 .debug_loc     0x00001ac1      0x17b Drivers/STM32L4xx_HAL_Driver/stm32l4xx_hal.o
 .debug_loc     0x00001c3c     0x1faf Drivers/STM32L4xx_HAL_Driver/stm32l4xx_hal_adc.o
 .debug_loc     0x00003beb     0x1b98 Drivers/STM32L4xx_HAL_Driver/stm32l4xx_hal_adc_ex.o
 .debug_loc     0x00005783      0x5ce Drivers/STM32L4xx_HAL_Driver/stm32l4xx_hal_cortex.o
 .debug_loc     0x00005d51      0x7a2 Drivers/STM32L4xx_HAL_Driver/stm32l4xx_hal_dma.o
 .debug_loc     0x000064f3      0x29c Drivers/STM32L4xx_HAL_Driver/stm32l4xx_hal_gpio.o
 .debug_loc     0x0000678f     0x4565 Drivers/STM32L4xx_HAL_Driver/stm32l4xx_hal_i2c.o
 .debug_loc     0x0000acf4      0x204 Drivers/STM32L4xx_HAL_Driver/stm32l4xx_hal_i2c_ex.o
 .debug_loc     0x0000aef8      0x17d Drivers/STM32L4xx_HAL_Driver/stm32l4xx_hal_pwr.o
 .debug_loc     0x0000b075      0x710 Drivers/STM32L4xx_HAL_Driver/stm32l4xx_hal_pwr_ex.o
 .debug_loc     0x0000b785      0x6c1 Drivers/STM32L4xx_HAL_Driver/stm32l4xx_hal_rcc.o
 .debug_loc     0x0000be46     0x1085 Drivers/STM32L4xx_HAL_Driver/stm32l4xx_hal_rcc_ex.o

.debug_macro    0x00000000    0x1cffd
 .debug_macro   0x00000000      0x243 Application/SW4STM32/syscalls.o
 .debug_macro   0x00000243      0xa54 Application/SW4STM32/syscalls.o
 .debug_macro   0x00000c97       0x22 Application/SW4STM32/syscalls.o
 .debug_macro   0x00000cb9       0x58 Application/SW4STM32/syscalls.o
 .debug_macro   0x00000d11       0x18 Application/SW4STM32/syscalls.o
 .debug_macro   0x00000d29       0x94 Application/SW4STM32/syscalls.o
 .debug_macro   0x00000dbd       0x35 Application/SW4STM32/syscalls.o
 .debug_macro   0x00000df2       0x34 Application/SW4STM32/syscalls.o
 .debug_macro   0x00000e26       0x57 Application/SW4STM32/syscalls.o
 .debug_macro   0x00000e7d      0x174 Application/SW4STM32/syscalls.o
 .debug_macro   0x00000ff1      0x330 Application/SW4STM32/syscalls.o
 .debug_macro   0x00001321       0x58 Application/SW4STM32/syscalls.o
 .debug_macro   0x00001379       0x1f Application/SW4STM32/syscalls.o
 .debug_macro   0x00001398       0x43 Application/SW4STM32/syscalls.o
 .debug_macro   0x000013db       0x20 Application/SW4STM32/syscalls.o
 .debug_macro   0x000013fb      0x18e Application/SW4STM32/syscalls.o
 .debug_macro   0x00001589       0x10 Application/SW4STM32/syscalls.o
 .debug_macro   0x00001599       0x35 Application/SW4STM32/syscalls.o
 .debug_macro   0x000015ce       0x10 Application/SW4STM32/syscalls.o
 .debug_macro   0x000015de       0x10 Application/SW4STM32/syscalls.o
 .debug_macro   0x000015ee       0x10 Application/SW4STM32/syscalls.o
 .debug_macro   0x000015fe       0x6a Application/SW4STM32/syscalls.o
 .debug_macro   0x00001668       0x1c Application/SW4STM32/syscalls.o
 .debug_macro   0x00001684       0x52 Application/SW4STM32/syscalls.o
 .debug_macro   0x000016d6       0x40 Application/SW4STM32/syscalls.o
 .debug_macro   0x00001716       0x10 Application/SW4STM32/syscalls.o
 .debug_macro   0x00001726       0x40 Application/SW4STM32/syscalls.o
 .debug_macro   0x00001766       0xd7 Application/SW4STM32/syscalls.o
 .debug_macro   0x0000183d       0x1c Application/SW4STM32/syscalls.o
 .debug_macro   0x00001859       0x3d Application/SW4STM32/syscalls.o
 .debug_macro   0x00001896       0x35 Application/SW4STM32/syscalls.o
 .debug_macro   0x000018cb      0x122 Application/SW4STM32/syscalls.o
 .debug_macro   0x000019ed       0x16 Application/SW4STM32/syscalls.o
 .debug_macro   0x00001a03       0x16 Application/SW4STM32/syscalls.o
 .debug_macro   0x00001a19       0x29 Application/SW4STM32/syscalls.o
 .debug_macro   0x00001a42       0x10 Application/SW4STM32/syscalls.o
 .debug_macro   0x00001a52      0x241 Application/SW4STM32/syscalls.o
 .debug_macro   0x00001c93       0x1c Application/SW4STM32/syscalls.o
 .debug_macro   0x00001caf       0x10 Application/SW4STM32/syscalls.o
 .debug_macro   0x00001cbf       0x10 Application/SW4STM32/syscalls.o
 .debug_macro   0x00001ccf       0x16 Application/SW4STM32/syscalls.o
 .debug_macro   0x00001ce5      0x16f Application/SW4STM32/syscalls.o
 .debug_macro   0x00001e54      0x189 Application/SW4STM32/syscalls.o
 .debug_macro   0x00001fdd       0x16 Application/SW4STM32/syscalls.o
 .debug_macro   0x00001ff3       0x88 Application/SW4STM32/syscalls.o
 .debug_macro   0x0000207b      0x1f7 Application/User/adc.o
 .debug_macro   0x00002272       0xba Application/User/adc.o
 .debug_macro   0x0000232c       0x2e Application/User/adc.o
 .debug_macro   0x0000235a       0x28 Application/User/adc.o
 .debug_macro   0x00002382       0x8e Application/User/adc.o
 .debug_macro   0x00002410       0x51 Application/User/adc.o
 .debug_macro   0x00002461       0xef Application/User/adc.o
 .debug_macro   0x00002550      0x1df Application/User/adc.o
 .debug_macro   0x0000272f       0x1c Application/User/adc.o
 .debug_macro   0x0000274b       0x22 Application/User/adc.o
 .debug_macro   0x0000276d       0xdf Application/User/adc.o
 .debug_macro   0x0000284c     0x102d Application/User/adc.o
 .debug_macro   0x00003879      0x11f Application/User/adc.o
 .debug_macro   0x00003998     0xe479 Application/User/adc.o
 .debug_macro   0x00011e11       0x43 Application/User/adc.o
 .debug_macro   0x00011e54     0x3889 Application/User/adc.o
 .debug_macro   0x000156dd       0x5c Application/User/adc.o
 .debug_macro   0x00015739     0x101f Application/User/adc.o
 .debug_macro   0x00016758      0x494 Application/User/adc.o
 .debug_macro   0x00016bec      0x21d Application/User/adc.o
 .debug_macro   0x00016e09      0x13d Application/User/adc.o
 .debug_macro   0x00016f46       0xd7 Application/User/adc.o
 .debug_macro   0x0001701d      0x26b Application/User/adc.o
 .debug_macro   0x00017288      0x23d Application/User/adc.o
 .debug_macro   0x000174c5      0xf59 Application/User/adc.o
 .debug_macro   0x0001841e      0x62b Application/User/adc.o
 .debug_macro   0x00018a49      0x30c Application/User/adc.o
 .debug_macro   0x00018d55      0x375 Application/User/adc.o
 .debug_macro   0x000190ca       0xd6 Application/User/adc.o
 .debug_macro   0x000191a0      0x22c Application/User/adc.o
 .debug_macro   0x000193cc       0x5e Application/User/adc.o
 .debug_macro   0x0001942a       0xa5 Application/User/adc.o
 .debug_macro   0x000194cf      0x122 Application/User/adc.o
 .debug_macro   0x000195f1      0x365 Application/User/adc.o
 .debug_macro   0x00019956      0x23a Application/User/adc.o
 .debug_macro   0x00019b90      0x1f7 Application/User/dma.o
 .debug_macro   0x00019d87      0x100 Application/User/fsm.o
 .debug_macro   0x00019e87      0x10e Application/User/fsm.o
 .debug_macro   0x00019f95       0x8d Application/User/fsm.o
 .debug_macro   0x0001a022      0x1f7 Application/User/gpio.o
 .debug_macro   0x0001a219      0x1f7 Application/User/i2c.o
 .debug_macro   0x0001a410      0x4c6 Application/User/main.o
 .debug_macro   0x0001a8d6       0x5e Application/User/main.o
 .debug_macro   0x0001a934       0x16 Application/User/main.o
 .debug_macro   0x0001a94a      0x32a Application/User/main.o
 .debug_macro   0x0001ac74       0x10 Application/User/main.o
 .debug_macro   0x0001ac84       0x16 Application/User/main.o
 .debug_macro   0x0001ac9a      0x1e1 Application/User/main.o
 .debug_macro   0x0001ae7b      0x2d8 Application/User/ppg.o
 .debug_macro   0x0001b153       0x10 Application/User/ppg.o
 .debug_macro   0x0001b163      0x1ed Application/User/stm32l4xx_hal_msp.o
 .debug_macro   0x0001b350      0x1f7 Application/User/stm32l4xx_it.o
 .debug_macro   0x0001b547      0x1e9 Drivers/CMSIS/system_stm32l4xx.o
 .debug_macro   0x0001b730      0x22b Drivers/STM32L4xx_HAL_Driver/stm32l4xx_hal.o
 .debug_macro   0x0001b95b      0x200 Drivers/STM32L4xx_HAL_Driver/stm32l4xx_hal_adc.o
 .debug_macro   0x0001bb5b      0x1ef Drivers/STM32L4xx_HAL_Driver/stm32l4xx_hal_adc_ex.o
 .debug_macro   0x0001bd4a      0x1e3 Drivers/STM32L4xx_HAL_Driver/stm32l4xx_hal_cortex.o
 .debug_macro   0x0001bf2d      0x1e3 Drivers/STM32L4xx_HAL_Driver/stm32l4xx_hal_dma.o
 .debug_macro   0x0001c110      0x222 Drivers/STM32L4xx_HAL_Driver/stm32l4xx_hal_gpio.o
 .debug_macro   0x0001c332      0x2a8 Drivers/STM32L4xx_HAL_Driver/stm32l4xx_hal_i2c.o
 .debug_macro   0x0001c5da      0x1e3 Drivers/STM32L4xx_HAL_Driver/stm32l4xx_hal_i2c_ex.o
 .debug_macro   0x0001c7bd      0x1fb Drivers/STM32L4xx_HAL_Driver/stm32l4xx_hal_pwr.o
 .debug_macro   0x0001c9b8      0x207 Drivers/STM32L4xx_HAL_Driver/stm32l4xx_hal_pwr_ex.o
 .debug_macro   0x0001cbbf      0x225 Drivers/STM32L4xx_HAL_Driver/stm32l4xx_hal_rcc.o
 .debug_macro   0x0001cde4      0x219 Drivers/STM32L4xx_HAL_Driver/stm32l4xx_hal_rcc_ex.o

.comment        0x00000000       0x7f
 .comment       0x00000000       0x7f Application/SW4STM32/syscalls.o
                                 0x80 (size before relaxing)
 .comment       0x0000007f       0x80 Application/User/adc.o
 .comment       0x0000007f       0x80 Application/User/dma.o
 .comment       0x0000007f       0x80 Application/User/fsm.o
 .comment       0x0000007f       0x80 Application/User/gpio.o
 .comment       0x0000007f       0x80 Application/User/i2c.o
 .comment       0x0000007f       0x80 Application/User/main.o
 .comment       0x0000007f       0x80 Application/User/ppg.o
 .comment       0x0000007f       0x80 Application/User/stm32l4xx_hal_msp.o
 .comment       0x0000007f       0x80 Application/User/stm32l4xx_it.o
 .comment       0x0000007f       0x80 Drivers/CMSIS/system_stm32l4xx.o
 .comment       0x0000007f       0x80 Drivers/STM32L4xx_HAL_Driver/stm32l4xx_hal.o
 .comment       0x0000007f       0x80 Drivers/STM32L4xx_HAL_Driver/stm32l4xx_hal_adc.o
 .comment       0x0000007f       0x80 Drivers/STM32L4xx_HAL_Driver/stm32l4xx_hal_adc_ex.o
 .comment       0x0000007f       0x80 Drivers/STM32L4xx_HAL_Driver/stm32l4xx_hal_cortex.o
 .comment       0x0000007f       0x80 Drivers/STM32L4xx_HAL_Driver/stm32l4xx_hal_dma.o
 .comment       0x0000007f       0x80 Drivers/STM32L4xx_HAL_Driver/stm32l4xx_hal_gpio.o
 .comment       0x0000007f       0x80 Drivers/STM32L4xx_HAL_Driver/stm32l4xx_hal_i2c.o
 .comment       0x0000007f       0x80 Drivers/STM32L4xx_HAL_Driver/stm32l4xx_hal_i2c_ex.o
 .comment       0x0000007f       0x80 Drivers/STM32L4xx_HAL_Driver/stm32l4xx_hal_pwr.o
 .comment       0x0000007f       0x80 Drivers/STM32L4xx_HAL_Driver/stm32l4xx_hal_pwr_ex.o
 .comment       0x0000007f       0x80 Drivers/STM32L4xx_HAL_Driver/stm32l4xx_hal_rcc.o
 .comment       0x0000007f       0x80 Drivers/STM32L4xx_HAL_Driver/stm32l4xx_hal_rcc_ex.o

.debug_frame    0x00000000     0x2cfc
 .debug_frame   0x00000000      0x1a8 Application/SW4STM32/syscalls.o
 .debug_frame   0x000001a8       0x68 Application/User/adc.o
 .debug_frame   0x00000210       0x2c Application/User/dma.o
 .debug_frame   0x0000023c       0x58 Application/User/fsm.o
 .debug_frame   0x00000294       0x34 Application/User/gpio.o
 .debug_frame   0x000002c8       0x80 Application/User/i2c.o
 .debug_frame   0x00000348      0x3a0 Application/User/main.o
 .debug_frame   0x000006e8      0x358 Application/User/ppg.o
 .debug_frame   0x00000a40       0x28 Application/User/stm32l4xx_hal_msp.o
 .debug_frame   0x00000a68       0xd8 Application/User/stm32l4xx_it.o
 .debug_frame   0x00000b40       0x30 Drivers/CMSIS/system_stm32l4xx.o
 .debug_frame   0x00000b70      0x220 Drivers/STM32L4xx_HAL_Driver/stm32l4xx_hal.o
 .debug_frame   0x00000d90      0x2d8 Drivers/STM32L4xx_HAL_Driver/stm32l4xx_hal_adc.o
 .debug_frame   0x00001068      0x2d0 Drivers/STM32L4xx_HAL_Driver/stm32l4xx_hal_adc_ex.o
 .debug_frame   0x00001338      0x15c Drivers/STM32L4xx_HAL_Driver/stm32l4xx_hal_cortex.o
 .debug_frame   0x00001494      0x16c Drivers/STM32L4xx_HAL_Driver/stm32l4xx_hal_dma.o
 .debug_frame   0x00001600       0xd0 Drivers/STM32L4xx_HAL_Driver/stm32l4xx_hal_gpio.o
 .debug_frame   0x000016d0      0x928 Drivers/STM32L4xx_HAL_Driver/stm32l4xx_hal_i2c.o
 .debug_frame   0x00001ff8       0x80 Drivers/STM32L4xx_HAL_Driver/stm32l4xx_hal_i2c_ex.o
 .debug_frame   0x00002078      0x120 Drivers/STM32L4xx_HAL_Driver/stm32l4xx_hal_pwr.o
 .debug_frame   0x00002198      0x288 Drivers/STM32L4xx_HAL_Driver/stm32l4xx_hal_pwr_ex.o
 .debug_frame   0x00002420      0x18c Drivers/STM32L4xx_HAL_Driver/stm32l4xx_hal_rcc.o
 .debug_frame   0x000025ac      0x1e0 Drivers/STM32L4xx_HAL_Driver/stm32l4xx_hal_rcc_ex.o
 .debug_frame   0x0000278c       0x50 c:/ac6/systemworkbench/plugins/fr.ac6.mcu.externaltools.arm-none.win32_1.17.0.201812190825/tools/compiler/bin/../lib/gcc/arm-none-eabi/7.3.1/../../../../arm-none-eabi/lib/thumb/v7e-m/fpv4-sp/hard\libm.a(lib_a-w_pow.o)
 .debug_frame   0x000027dc       0x68 c:/ac6/systemworkbench/plugins/fr.ac6.mcu.externaltools.arm-none.win32_1.17.0.201812190825/tools/compiler/bin/../lib/gcc/arm-none-eabi/7.3.1/../../../../arm-none-eabi/lib/thumb/v7e-m/fpv4-sp/hard\libm.a(lib_a-e_pow.o)
 .debug_frame   0x00002844       0x30 c:/ac6/systemworkbench/plugins/fr.ac6.mcu.externaltools.arm-none.win32_1.17.0.201812190825/tools/compiler/bin/../lib/gcc/arm-none-eabi/7.3.1/../../../../arm-none-eabi/lib/thumb/v7e-m/fpv4-sp/hard\libm.a(lib_a-e_sqrt.o)
 .debug_frame   0x00002874       0x20 c:/ac6/systemworkbench/plugins/fr.ac6.mcu.externaltools.arm-none.win32_1.17.0.201812190825/tools/compiler/bin/../lib/gcc/arm-none-eabi/7.3.1/../../../../arm-none-eabi/lib/thumb/v7e-m/fpv4-sp/hard\libm.a(lib_a-s_fabs.o)
 .debug_frame   0x00002894       0x20 c:/ac6/systemworkbench/plugins/fr.ac6.mcu.externaltools.arm-none.win32_1.17.0.201812190825/tools/compiler/bin/../lib/gcc/arm-none-eabi/7.3.1/../../../../arm-none-eabi/lib/thumb/v7e-m/fpv4-sp/hard\libm.a(lib_a-s_finite.o)
 .debug_frame   0x000028b4       0x20 c:/ac6/systemworkbench/plugins/fr.ac6.mcu.externaltools.arm-none.win32_1.17.0.201812190825/tools/compiler/bin/../lib/gcc/arm-none-eabi/7.3.1/../../../../arm-none-eabi/lib/thumb/v7e-m/fpv4-sp/hard\libm.a(lib_a-s_matherr.o)
 .debug_frame   0x000028d4       0x20 c:/ac6/systemworkbench/plugins/fr.ac6.mcu.externaltools.arm-none.win32_1.17.0.201812190825/tools/compiler/bin/../lib/gcc/arm-none-eabi/7.3.1/../../../../arm-none-eabi/lib/thumb/v7e-m/fpv4-sp/hard\libm.a(lib_a-s_nan.o)
 .debug_frame   0x000028f4       0x38 c:/ac6/systemworkbench/plugins/fr.ac6.mcu.externaltools.arm-none.win32_1.17.0.201812190825/tools/compiler/bin/../lib/gcc/arm-none-eabi/7.3.1/../../../../arm-none-eabi/lib/thumb/v7e-m/fpv4-sp/hard\libm.a(lib_a-s_rint.o)
 .debug_frame   0x0000292c       0x2c c:/ac6/systemworkbench/plugins/fr.ac6.mcu.externaltools.arm-none.win32_1.17.0.201812190825/tools/compiler/bin/../lib/gcc/arm-none-eabi/7.3.1/../../../../arm-none-eabi/lib/thumb/v7e-m/fpv4-sp/hard\libm.a(lib_a-s_scalbn.o)
 .debug_frame   0x00002958       0x20 c:/ac6/systemworkbench/plugins/fr.ac6.mcu.externaltools.arm-none.win32_1.17.0.201812190825/tools/compiler/bin/../lib/gcc/arm-none-eabi/7.3.1/../../../../arm-none-eabi/lib/thumb/v7e-m/fpv4-sp/hard\libm.a(lib_a-s_copysign.o)
 .debug_frame   0x00002978       0xac c:/ac6/systemworkbench/plugins/fr.ac6.mcu.externaltools.arm-none.win32_1.17.0.201812190825/tools/compiler/bin/../lib/gcc/arm-none-eabi/7.3.1/thumb/v7e-m/fpv4-sp/hard\libgcc.a(_arm_addsubdf3.o)
 .debug_frame   0x00002a24       0x50 c:/ac6/systemworkbench/plugins/fr.ac6.mcu.externaltools.arm-none.win32_1.17.0.201812190825/tools/compiler/bin/../lib/gcc/arm-none-eabi/7.3.1/thumb/v7e-m/fpv4-sp/hard\libgcc.a(_arm_muldivdf3.o)
 .debug_frame   0x00002a74       0xc4 c:/ac6/systemworkbench/plugins/fr.ac6.mcu.externaltools.arm-none.win32_1.17.0.201812190825/tools/compiler/bin/../lib/gcc/arm-none-eabi/7.3.1/thumb/v7e-m/fpv4-sp/hard\libgcc.a(_arm_cmpdf2.o)
 .debug_frame   0x00002b38       0x20 c:/ac6/systemworkbench/plugins/fr.ac6.mcu.externaltools.arm-none.win32_1.17.0.201812190825/tools/compiler/bin/../lib/gcc/arm-none-eabi/7.3.1/thumb/v7e-m/fpv4-sp/hard\libgcc.a(_arm_unorddf2.o)
 .debug_frame   0x00002b58       0x24 c:/ac6/systemworkbench/plugins/fr.ac6.mcu.externaltools.arm-none.win32_1.17.0.201812190825/tools/compiler/bin/../lib/gcc/arm-none-eabi/7.3.1/thumb/v7e-m/fpv4-sp/hard\libgcc.a(_arm_truncdfsf2.o)
 .debug_frame   0x00002b7c       0x20 c:/ac6/systemworkbench/plugins/fr.ac6.mcu.externaltools.arm-none.win32_1.17.0.201812190825/tools/compiler/bin/../lib/gcc/arm-none-eabi/7.3.1/../../../../arm-none-eabi/lib/thumb/v7e-m/fpv4-sp/hard\libc_nano.a(lib_a-errno.o)